Archive member included to satisfy reference by file (symbol)

C:/ST/STM32CubeIDE_1.17.0/STM32CubeIDE/plugins/com.st.stm32cube.ide.mcu.externaltools.gnu-tools-for-stm32.12.3.rel1.win32_1.1.0.202410251130/tools/bin/../lib/gcc/arm-none-eabi/12.3.1/../../../../arm-none-eabi/lib/thumb/v7-m/nofp\libc_nano.a(libc_a-exit.o)
                              C:/ST/STM32CubeIDE_1.17.0/STM32CubeIDE/plugins/com.st.stm32cube.ide.mcu.externaltools.gnu-tools-for-stm32.12.3.rel1.win32_1.1.0.202410251130/tools/bin/../lib/gcc/arm-none-eabi/12.3.1/../../../../arm-none-eabi/lib/thumb/v7-m/nofp/crt0.o (exit)
C:/ST/STM32CubeIDE_1.17.0/STM32CubeIDE/plugins/com.st.stm32cube.ide.mcu.externaltools.gnu-tools-for-stm32.12.3.rel1.win32_1.1.0.202410251130/tools/bin/../lib/gcc/arm-none-eabi/12.3.1/../../../../arm-none-eabi/lib/thumb/v7-m/nofp\libc_nano.a(libc_a-findfp.o)
                              C:/ST/STM32CubeIDE_1.17.0/STM32CubeIDE/plugins/com.st.stm32cube.ide.mcu.externaltools.gnu-tools-for-stm32.12.3.rel1.win32_1.1.0.202410251130/tools/bin/../lib/gcc/arm-none-eabi/12.3.1/../../../../arm-none-eabi/lib/thumb/v7-m/nofp\libc_nano.a(libc_a-exit.o) (__stdio_exit_handler)
C:/ST/STM32CubeIDE_1.17.0/STM32CubeIDE/plugins/com.st.stm32cube.ide.mcu.externaltools.gnu-tools-for-stm32.12.3.rel1.win32_1.1.0.202410251130/tools/bin/../lib/gcc/arm-none-eabi/12.3.1/../../../../arm-none-eabi/lib/thumb/v7-m/nofp\libc_nano.a(libc_a-fwalk.o)
                              C:/ST/STM32CubeIDE_1.17.0/STM32CubeIDE/plugins/com.st.stm32cube.ide.mcu.externaltools.gnu-tools-for-stm32.12.3.rel1.win32_1.1.0.202410251130/tools/bin/../lib/gcc/arm-none-eabi/12.3.1/../../../../arm-none-eabi/lib/thumb/v7-m/nofp\libc_nano.a(libc_a-findfp.o) (_fwalk_sglue)
C:/ST/STM32CubeIDE_1.17.0/STM32CubeIDE/plugins/com.st.stm32cube.ide.mcu.externaltools.gnu-tools-for-stm32.12.3.rel1.win32_1.1.0.202410251130/tools/bin/../lib/gcc/arm-none-eabi/12.3.1/../../../../arm-none-eabi/lib/thumb/v7-m/nofp\libc_nano.a(libc_a-snprintf.o)
                              ./Core/Src/logger.o (snprintf)
C:/ST/STM32CubeIDE_1.17.0/STM32CubeIDE/plugins/com.st.stm32cube.ide.mcu.externaltools.gnu-tools-for-stm32.12.3.rel1.win32_1.1.0.202410251130/tools/bin/../lib/gcc/arm-none-eabi/12.3.1/../../../../arm-none-eabi/lib/thumb/v7-m/nofp\libc_nano.a(libc_a-sprintf.o)
                              ./Core/Src/fsm_input_processing.o (sprintf)
C:/ST/STM32CubeIDE_1.17.0/STM32CubeIDE/plugins/com.st.stm32cube.ide.mcu.externaltools.gnu-tools-for-stm32.12.3.rel1.win32_1.1.0.202410251130/tools/bin/../lib/gcc/arm-none-eabi/12.3.1/../../../../arm-none-eabi/lib/thumb/v7-m/nofp\libc_nano.a(libc_a-stdio.o)
                              C:/ST/STM32CubeIDE_1.17.0/STM32CubeIDE/plugins/com.st.stm32cube.ide.mcu.externaltools.gnu-tools-for-stm32.12.3.rel1.win32_1.1.0.202410251130/tools/bin/../lib/gcc/arm-none-eabi/12.3.1/../../../../arm-none-eabi/lib/thumb/v7-m/nofp\libc_nano.a(libc_a-findfp.o) (__sread)
C:/ST/STM32CubeIDE_1.17.0/STM32CubeIDE/plugins/com.st.stm32cube.ide.mcu.externaltools.gnu-tools-for-stm32.12.3.rel1.win32_1.1.0.202410251130/tools/bin/../lib/gcc/arm-none-eabi/12.3.1/../../../../arm-none-eabi/lib/thumb/v7-m/nofp\libc_nano.a(libc_a-vsnprintf.o)
                              ./Core/Src/logger.o (vsnprintf)
C:/ST/STM32CubeIDE_1.17.0/STM32CubeIDE/plugins/com.st.stm32cube.ide.mcu.externaltools.gnu-tools-for-stm32.12.3.rel1.win32_1.1.0.202410251130/tools/bin/../lib/gcc/arm-none-eabi/12.3.1/../../../../arm-none-eabi/lib/thumb/v7-m/nofp\libc_nano.a(libc_a-memset.o)
                              C:/ST/STM32CubeIDE_1.17.0/STM32CubeIDE/plugins/com.st.stm32cube.ide.mcu.externaltools.gnu-tools-for-stm32.12.3.rel1.win32_1.1.0.202410251130/tools/bin/../lib/gcc/arm-none-eabi/12.3.1/../../../../arm-none-eabi/lib/thumb/v7-m/nofp/crt0.o (memset)
C:/ST/STM32CubeIDE_1.17.0/STM32CubeIDE/plugins/com.st.stm32cube.ide.mcu.externaltools.gnu-tools-for-stm32.12.3.rel1.win32_1.1.0.202410251130/tools/bin/../lib/gcc/arm-none-eabi/12.3.1/../../../../arm-none-eabi/lib/thumb/v7-m/nofp\libc_nano.a(libc_a-closer.o)
                              C:/ST/STM32CubeIDE_1.17.0/STM32CubeIDE/plugins/com.st.stm32cube.ide.mcu.externaltools.gnu-tools-for-stm32.12.3.rel1.win32_1.1.0.202410251130/tools/bin/../lib/gcc/arm-none-eabi/12.3.1/../../../../arm-none-eabi/lib/thumb/v7-m/nofp\libc_nano.a(libc_a-stdio.o) (_close_r)
C:/ST/STM32CubeIDE_1.17.0/STM32CubeIDE/plugins/com.st.stm32cube.ide.mcu.externaltools.gnu-tools-for-stm32.12.3.rel1.win32_1.1.0.202410251130/tools/bin/../lib/gcc/arm-none-eabi/12.3.1/../../../../arm-none-eabi/lib/thumb/v7-m/nofp\libc_nano.a(libc_a-reent.o)
                              C:/ST/STM32CubeIDE_1.17.0/STM32CubeIDE/plugins/com.st.stm32cube.ide.mcu.externaltools.gnu-tools-for-stm32.12.3.rel1.win32_1.1.0.202410251130/tools/bin/../lib/gcc/arm-none-eabi/12.3.1/../../../../arm-none-eabi/lib/thumb/v7-m/nofp\libc_nano.a(libc_a-closer.o) (errno)
[...]
Memory Configuration

Name             Origin             Length             Attributes
RAM              0x20000000         0x00005000         xrw
FLASH            0x08000000         0x00010000         xr
*default*        0x00000000         0xffffffff

Linker script and memory map

LOAD C:/ST/STM32CubeIDE_1.17.0/STM32CubeIDE/plugins/com.st.stm32cube.ide.mcu.externaltools.gnu-tools-for-stm32.12.3.rel1.win32_1.1.0.202410251130/tools/bin/../lib/gcc/arm-none-eabi/12.3.1/thumb/v7-m/nofp/crti.o
LOAD C:/ST/STM32CubeIDE_1.17.0/STM32CubeIDE/plugins/com.st.stm32cube.ide.mcu.externaltools.gnu-tools-for-stm32.12.3.rel1.win32_1.1.0.202410251130/tools/bin/../lib/gcc/arm-none-eabi/12.3.1/thumb/v7-m/nofp/crtbegin.o
LOAD C:/ST/STM32CubeIDE_1.17.0/STM32CubeIDE/plugins/com.st.stm32cube.ide.mcu.externaltools.gnu-tools-for-stm32.12.3.rel1.win32_1.1.0.202410251130/tools/bin/../lib/gcc/arm-none-eabi/12.3.1/../../../../arm-none-eabi/lib/thumb/v7-m/nofp/crt0.o
LOAD ./Core/Src/button.o
LOAD ./Core/Src/crc.o
LOAD ./Core/Src/fsm_input_processing.o
LOAD ./Core/Src/fsm_main_processing.o
LOAD ./Core/Src/fsm_output_processing.o
LOAD ./Core/Src/knx.o
LOAD ./Core/Src/logger.o
LOAD ./Core/Src/main.o
LOAD ./Core/Src/queue_utils.o
LOAD ./Core/Src/soft_timer.o
LOAD ./Core/Src/stm32f1xx_hal_msp.o
LOAD ./Core/Src/stm32f1xx_it.o
LOAD ./Core/Src/syscalls.o
LOAD ./Core/Src/sysmem.o
LOAD ./Core/Src/system_stm32f1xx.o
LOAD ./Core/Src/uart.o
LOAD ./Core/Startup/startup_stm32f103c8tx.o
LOAD ./Drivers/STM32F1xx_HAL_Driver/Src/stm32f1xx_hal.o
LOAD ./Drivers/STM32F1xx_HAL_Driver/Src/stm32f1xx_hal_cortex.o
LOAD ./Drivers/STM32F1xx_HAL_Driver/Src/stm32f1xx_hal_dma.o
LOAD ./Drivers/STM32F1xx_HAL_Driver/Src/stm32f1xx_hal_exti.o
LOAD ./Drivers/STM32F1xx_HAL_Driver/Src/stm32f1xx_hal_flash.o
LOAD ./Drivers/STM32F1xx_HAL_Driver/Src/stm32f1xx_hal_flash_ex.o
LOAD ./Drivers/STM32F1xx_HAL_Driver/Src/stm32f1xx_hal_gpio.o
LOAD ./Drivers/STM32F1xx_HAL_Driver/Src/stm32f1xx_hal_gpio_ex.o
LOAD ./Drivers/STM32F1xx_HAL_Driver/Src/stm32f1xx_hal_pwr.o
LOAD ./Drivers/STM32F1xx_HAL_Driver/Src/stm32f1xx_hal_rcc.o
LOAD ./Drivers/STM32F1xx_HAL_Driver/Src/stm32f1xx_hal_rcc_ex.o
LOAD ./Drivers/STM32F1xx_HAL_Driver/Src/stm32f1xx_hal_tim.o
LOAD ./Drivers/STM32F1xx_HAL_Driver/Src/stm32f1xx_hal_tim_ex.o
LOAD ./Drivers/STM32F1xx_HAL_Driver/Src/stm32f1xx_hal_uart.o
START GROUP
LOAD C:/ST/STM32CubeIDE_1.17.0/STM32CubeIDE/plugins/com.st.stm32cube.ide.mcu.externaltools.gnu-tools-for-stm32.12.3.rel1.win32_1.1.0.202410251130/tools/bin/../lib/gcc/arm-none-eabi/12.3.1/../../../../arm-none-eabi/lib/thumb/v7-m/nofp\libc_nano.a
LOAD C:/ST/STM32CubeIDE_1.17.0/STM32CubeIDE/plugins/com.st.stm32cube.ide.mcu.externaltools.gnu-tools-for-stm32.12.3.rel1.win32_1.1.0.202410251130/tools/bin/../lib/gcc/arm-none-eabi/12.3.1/../../../../arm-none-eabi/lib/thumb/v7-m/nofp\libm.a
END GROUP
START GROUP
LOAD C:/ST/STM32CubeIDE_1.17.0/STM32CubeIDE/plugins/com.st.stm32cube.ide.mcu.externaltools.gnu-tools-for-stm32.12.3.rel1.win32_1.1.0.202410251130/tools/bin/../lib/gcc/arm-none-eabi/12.3.1/thumb/v7-m/nofp\libgcc.a
LOAD C:/ST/STM32CubeIDE_1.17.0/STM32CubeIDE/plugins/com.st.stm32cube.ide.mcu.externaltools.gnu-tools-for-stm32.12.3.rel1.win32_1.1.0.202410251130/tools/bin/../lib/gcc/arm-none-eabi/12.3.1/../../../../arm-none-eabi/lib/thumb/v7-m/nofp\libc_nano.a
END GROUP
START GROUP
LOAD C:/ST/STM32CubeIDE_1.17.0/STM32CubeIDE/plugins/com.st.stm32cube.ide.mcu.externaltools.gnu-tools-for-stm32.12.3.rel1.win32_1.1.0.202410251130/tools/bin/../lib/gcc/arm-none-eabi/12.3.1/thumb/v7-m/nofp\libgcc.a
LOAD C:/ST/STM32CubeIDE_1.17.0/STM32CubeIDE/plugins/com.st.stm32cube.ide.mcu.externaltools.gnu-tools-for-stm32.12.3.rel1.win32_1.1.0.202410251130/tools/bin/../lib/gcc/arm-none-eabi/12.3.1/../../../../arm-none-eabi/lib/thumb/v7-m/nofp\libc_nano.a
LOAD C:/ST/STM32CubeIDE_1.17.0/STM32CubeIDE/plugins/com.st.stm32cube.ide.mcu.externaltools.gnu-tools-for-stm32.12.3.rel1.win32_1.1.0.202410251130/tools/bin/../lib/gcc/arm-none-eabi/12.3.1/../../../../arm-none-eabi/lib/thumb/v7-m/nofp\libnosys.a
END GROUP
START GROUP
LOAD C:/ST/STM32CubeIDE_1.17.0/STM32CubeIDE/plugins/com.st.stm32cube.ide.mcu.externaltools.gnu-tools-for-stm32.12.3.rel1.win32_1.1.0.202410251130/tools/bin/../lib/gcc/arm-none-eabi/12.3.1/thumb/v7-m/nofp\libgcc.a
LOAD C:/ST/STM32CubeIDE_1.17.0/STM32CubeIDE/plugins/com.st.stm32cube.ide.mcu.externaltools.gnu-tools-for-stm32.12.3.rel1.win32_1.1.0.202410251130/tools/bin/../lib/gcc/arm-none-eabi/12.3.1/../../../../arm-none-eabi/lib/thumb/v7-m/nofp\libc_nano.a
LOAD C:/ST/STM32CubeIDE_1.17.0/STM32CubeIDE/plugins/com.st.stm32cube.ide.mcu.externaltools.gnu-tools-for-stm32.12.3.rel1.win32_1.1.0.202410251130/tools/bin/../lib/gcc/arm-none-eabi/12.3.1/../../../../arm-none-eabi/lib/thumb/v7-m/nofp\libnosys.a
END GROUP
LOAD C:/ST/STM32CubeIDE_1.17.0/STM32CubeIDE/plugins/com.st.stm32cube.ide.mcu.externaltools.gnu-tools-for-stm32.12.3.rel1.win32_1.1.0.202410251130/tools/bin/../lib/gcc/arm-none-eabi/12.3.1/thumb/v7-m/nofp/crtend.o
LOAD C:/ST/STM32CubeIDE_1.17.0/STM32CubeIDE/plugins/com.st.stm32cube.ide.mcu.externaltools.gnu-tools-for-stm32.12.3.rel1.win32_1.1.0.202410251130/tools/bin/../lib/gcc/arm-none-eabi/12.3.1/thumb/v7-m/nofp/crtn.o
                0x20005000                        _estack = (ORIGIN (RAM) + LENGTH (RAM))
                0x00000200                        _Min_Heap_Size = 0x200
                0x00000400                        _Min_Stack_Size = 0x400

.isr_vector     0x08000000      0x10c
                0x08000000                        . = ALIGN (0x4)
 *(.isr_vector)
 .isr_vector    0x08000000      0x10c ./Core/Startup/startup_stm32f103c8tx.o
                0x08000000                g_pfnVectors
                0x0800010c                        . = ALIGN (0x4)

.text           0x0800010c     0x5bbc
                0x0800010c                        . = ALIGN (0x4)
 *(.text)
 .text          0x0800010c       0x40 C:/ST/STM32CubeIDE_1.17.0/STM32CubeIDE/plugins/com.st.stm32cube.ide.mcu.externaltools.gnu-tools-for-stm32.12.3.rel1.win32_1.1.0.202410251130/tools/bin/../lib/gcc/arm-none-eabi/12.3.1/thumb/v7-m/nofp/crtbegin.o
 *(.text*)
 .text.button_init
                0x0800014c       0x16 ./Core/Src/button.o
                0x0800014c                button_init
 .text.button_run
                0x08000162       0x26 ./Core/Src/button.o
                0x08000162                button_run
 .text.getButtonPressFlag
                0x08000188       0x20 ./Core/Src/button.o
                0x08000188                getButtonPressFlag
 .text.setButtonPressFlag
                0x080001a8       0x24 ./Core/Src/button.o
                0x080001a8                setButtonPressFlag
 .text.getKeyInput
                0x080001cc      0x1c8 ./Core/Src/button.o
                0x080001cc                getKeyInput
 .text.crc8     0x08000394       0x40 ./Core/Src/crc.o
                0x08000394                crc8
 .text.input_processing_init
                0x080003d4       0x5c ./Core/Src/fsm_input_processing.o
                0x080003d4                input_processing_init
 .text.input_processing_run
                0x08000430      0x26c ./Core/Src/fsm_input_processing.o
                0x08000430                input_processing_run
 .text.poll_processing_run
                0x0800069c      0x10c ./Core/Src/fsm_main_processing.o
                0x0800069c                poll_processing_run
 .text.main_processing_init
                0x080007a8       0x24 ./Core/Src/fsm_main_processing.o
                0x080007a8                main_processing_init
 .text.main_processing_run
                0x080007cc      0x710 ./Core/Src/fsm_main_processing.o
                0x080007cc                main_processing_run
 .text.output_processing_init
                0x08000edc       0x18 ./Core/Src/fsm_output_processing.o
                0x08000edc                output_processing_init
 .text.output_processing_run
                0x08000ef4       0x18 ./Core/Src/fsm_output_processing.o
                0x08000ef4                output_processing_run
 .text.outputUPLINK
                0x08000f0c       0x6c ./Core/Src/fsm_output_processing.o
                0x08000f0c                outputUPLINK
 .text.knx_fsm_send_next_chunk
                0x08000f78       0xa8 ./Core/Src/fsm_output_processing.o
                0x08000f78                knx_fsm_send_next_chunk
 .text.outputKNX
                0x08001020       0xb0 ./Core/Src/fsm_output_processing.o
                0x08001020                outputKNX
 .text.outputRS485
                0x080010d0       0xe8 ./Core/Src/fsm_output_processing.o
                0x080010d0                outputRS485
 .text.outputLed
                0x080011b8       0xa0 ./Core/Src/fsm_output_processing.o
                0x080011b8                outputLed
 .text.knx_checksum
                0x08001258       0x42 ./Core/Src/knx.o
                0x08001258                knx_checksum
 .text.encode_knx_tpuart
                0x0800129a       0x90 ./Core/Src/knx.o
                0x0800129a                encode_knx_tpuart
 *fill*         0x0800132a        0x2 
 .text.Log_Init
                0x0800132c       0x20 ./Core/Src/logger.o
                0x0800132c                Log_Init
 .text.Log_Write
                0x0800134c      0x1ec ./Core/Src/logger.o
                0x0800134c                Log_Write
 .text.HAL_TIM_PeriodElapsedCallback
                0x08001538       0x14 ./Core/Src/main.o
                0x08001538                HAL_TIM_PeriodElapsedCallback
 .text.main     0x0800154c       0x78 ./Core/Src/main.o
                0x0800154c                main
 .text.SystemClock_Config
                0x080015c4       0x80 ./Core/Src/main.o
                0x080015c4                SystemClock_Config
 .text.MX_TIM3_Init
                0x08001644       0x98 ./Core/Src/main.o
 .text.MX_USART1_UART_Init
                0x080016dc       0x54 ./Core/Src/main.o
 .text.MX_USART2_UART_Init
                0x08001730       0x54 ./Core/Src/main.o
 .text.MX_USART3_UART_Init
                0x08001784       0x58 ./Core/Src/main.o
 .text.MX_DMA_Init
                0x080017dc       0x8c ./Core/Src/main.o
 .text.MX_GPIO_Init
                0x08001868       0xdc ./Core/Src/main.o
 .text.Error_Handler
                0x08001944        0xc ./Core/Src/main.o
                0x08001944                Error_Handler
 .text.Queue_Init
                0x08001950       0x36 ./Core/Src/queue_utils.o
                0x08001950                Queue_Init
 .text.Queue_Push
                0x08001986       0x78 ./Core/Src/queue_utils.o
                0x08001986                Queue_Push
 .text.Queue_Pop
                0x080019fe       0x6e ./Core/Src/queue_utils.o
                0x080019fe                Queue_Pop
 .text.setTimer
                0x08001a6c       0x2c ./Core/Src/soft_timer.o
                0x08001a6c                setTimer
 .text.triggerTimerNow
                0x08001a98       0x20 ./Core/Src/soft_timer.o
                0x08001a98                triggerTimerNow
 .text.getTimer
                0x08001ab8       0x28 ./Core/Src/soft_timer.o
                0x08001ab8                getTimer
 .text.clearTimer
                0x08001ae0       0x30 ./Core/Src/soft_timer.o
                0x08001ae0                clearTimer
 .text.timerRun
                0x08001b10       0x60 ./Core/Src/soft_timer.o
                0x08001b10                timerRun
 .text.HAL_MspInit
                0x08001b70       0x64 ./Core/Src/stm32f1xx_hal_msp.o
                0x08001b70                HAL_MspInit
 .text.HAL_TIM_Base_MspInit
                0x08001bd4       0x4c ./Core/Src/stm32f1xx_hal_msp.o
                0x08001bd4                HAL_TIM_Base_MspInit
 .text.HAL_UART_MspInit
                0x08001c20      0x3b4 ./Core/Src/stm32f1xx_hal_msp.o
                0x08001c20                HAL_UART_MspInit
 .text.NMI_Handler
                0x08001fd4        0x8 ./Core/Src/stm32f1xx_it.o
                0x08001fd4                NMI_Handler
 .text.HardFault_Handler
                0x08001fdc        0x8 ./Core/Src/stm32f1xx_it.o
                0x08001fdc                HardFault_Handler
 .text.MemManage_Handler
                0x08001fe4        0x8 ./Core/Src/stm32f1xx_it.o
                0x08001fe4                MemManage_Handler
 .text.BusFault_Handler
                0x08001fec        0x8 ./Core/Src/stm32f1xx_it.o
                0x08001fec                BusFault_Handler
 .text.UsageFault_Handler
                0x08001ff4        0x8 ./Core/Src/stm32f1xx_it.o
                0x08001ff4                UsageFault_Handler
 .text.SVC_Handler
                0x08001ffc        0xc ./Core/Src/stm32f1xx_it.o
                0x08001ffc                SVC_Handler
 .text.DebugMon_Handler
                0x08002008        0xc ./Core/Src/stm32f1xx_it.o
                0x08002008                DebugMon_Handler
 .text.PendSV_Handler
                0x08002014        0xc ./Core/Src/stm32f1xx_it.o
                0x08002014                PendSV_Handler
 .text.SysTick_Handler
                0x08002020        0xc ./Core/Src/stm32f1xx_it.o
                0x08002020                SysTick_Handler
 .text.DMA1_Channel2_IRQHandler
                0x0800202c       0x14 ./Core/Src/stm32f1xx_it.o
                0x0800202c                DMA1_Channel2_IRQHandler
 .text.DMA1_Channel3_IRQHandler
                0x08002040       0x14 ./Core/Src/stm32f1xx_it.o
                0x08002040                DMA1_Channel3_IRQHandler
 .text.DMA1_Channel4_IRQHandler
                0x08002054       0x14 ./Core/Src/stm32f1xx_it.o
                0x08002054                DMA1_Channel4_IRQHandler
 .text.DMA1_Channel5_IRQHandler
                0x08002068       0x14 ./Core/Src/stm32f1xx_it.o
                0x08002068                DMA1_Channel5_IRQHandler
 .text.DMA1_Channel6_IRQHandler
                0x0800207c       0x14 ./Core/Src/stm32f1xx_it.o
                0x0800207c                DMA1_Channel6_IRQHandler
 .text.DMA1_Channel7_IRQHandler
                0x08002090       0x14 ./Core/Src/stm32f1xx_it.o
                0x08002090                DMA1_Channel7_IRQHandler
 .text.TIM3_IRQHandler
                0x080020a4       0x14 ./Core/Src/stm32f1xx_it.o
                0x080020a4                TIM3_IRQHandler
 .text.USART1_IRQHandler
                0x080020b8       0x24 ./Core/Src/stm32f1xx_it.o
                0x080020b8                USART1_IRQHandler
 .text.USART2_IRQHandler
                0x080020dc       0x24 ./Core/Src/stm32f1xx_it.o
                0x080020dc                USART2_IRQHandler
 .text.USART3_IRQHandler
                0x08002100       0x24 ./Core/Src/stm32f1xx_it.o
                0x08002100                USART3_IRQHandler
 .text._sbrk    0x08002124       0x6c ./Core/Src/sysmem.o
                0x08002124                _sbrk
 .text.SystemInit
                0x08002190        0xc ./Core/Src/system_stm32f1xx.o
                0x08002190                SystemInit
 .text.uartManualInit
                0x0800219c       0x70 ./Core/Src/uart.o
                0x0800219c                uartManualInit
 .text.uart1ProcessWhenIdleFlag
                0x0800220c       0xec ./Core/Src/uart.o
                0x0800220c                uart1ProcessWhenIdleFlag
 .text.uart2ProcessWhenIdleFlag
                0x080022f8       0xe0 ./Core/Src/uart.o
                0x080022f8                uart2ProcessWhenIdleFlag
 .text.uart3ProcessWhenIdleFlag
                0x080023d8       0xe0 ./Core/Src/uart.o
                0x080023d8                uart3ProcessWhenIdleFlag
 .text.Reset_Handler
                0x080024b8       0x48 ./Core/Startup/startup_stm32f103c8tx.o
                0x080024b8                Reset_Handler
 .text.Default_Handler
                0x08002500        0x2 ./Core/Startup/startup_stm32f103c8tx.o
                0x08002500                RTC_Alarm_IRQHandler
                0x08002500                EXTI2_IRQHandler
                0x08002500                TIM1_CC_IRQHandler
                0x08002500                PVD_IRQHandler
                0x08002500                EXTI3_IRQHandler
                0x08002500                EXTI0_IRQHandler
                0x08002500                I2C2_EV_IRQHandler
                0x08002500                ADC1_2_IRQHandler
                0x08002500                SPI1_IRQHandler
                0x08002500                TAMPER_IRQHandler
                0x08002500                RTC_IRQHandler
                0x08002500                CAN1_RX1_IRQHandler
                0x08002500                TIM4_IRQHandler
                0x08002500                I2C1_EV_IRQHandler
                0x08002500                RCC_IRQHandler
                0x08002500                TIM1_TRG_COM_IRQHandler
                0x08002500                DMA1_Channel1_IRQHandler
                0x08002500                Default_Handler
                0x08002500                EXTI15_10_IRQHandler
                0x08002500                EXTI9_5_IRQHandler
                0x08002500                SPI2_IRQHandler
                0x08002500                EXTI4_IRQHandler
                0x08002500                USB_LP_CAN1_RX0_IRQHandler
                0x08002500                USB_HP_CAN1_TX_IRQHandler
                0x08002500                TIM1_UP_IRQHandler
                0x08002500                WWDG_IRQHandler
                0x08002500                TIM2_IRQHandler
                0x08002500                TIM1_BRK_IRQHandler
                0x08002500                EXTI1_IRQHandler
                0x08002500                I2C2_ER_IRQHandler
                0x08002500                CAN1_SCE_IRQHandler
                0x08002500                FLASH_IRQHandler
                0x08002500                I2C1_ER_IRQHandler
                0x08002500                USBWakeUp_IRQHandler
 *fill*         0x08002502        0x2 
 .text.HAL_Init
                0x08002504       0x2c ./Drivers/STM32F1xx_HAL_Driver/Src/stm32f1xx_hal.o
                0x08002504                HAL_Init
 .text.HAL_InitTick
                0x08002530       0x60 ./Drivers/STM32F1xx_HAL_Driver/Src/stm32f1xx_hal.o
                0x08002530                HAL_InitTick
 .text.HAL_IncTick
                0x08002590       0x24 ./Drivers/STM32F1xx_HAL_Driver/Src/stm32f1xx_hal.o
                0x08002590                HAL_IncTick
 .text.HAL_GetTick
                0x080025b4       0x14 ./Drivers/STM32F1xx_HAL_Driver/Src/stm32f1xx_hal.o
                0x080025b4                HAL_GetTick
 .text.__NVIC_SetPriorityGrouping
                0x080025c8       0x48 ./Drivers/STM32F1xx_HAL_Driver/Src/stm32f1xx_hal_cortex.o
 .text.__NVIC_GetPriorityGrouping
                0x08002610       0x1c ./Drivers/STM32F1xx_HAL_Driver/Src/stm32f1xx_hal_cortex.o
 .text.__NVIC_EnableIRQ
                0x0800262c       0x38 ./Drivers/STM32F1xx_HAL_Driver/Src/stm32f1xx_hal_cortex.o
 .text.__NVIC_SetPriority
                0x08002664       0x54 ./Drivers/STM32F1xx_HAL_Driver/Src/stm32f1xx_hal_cortex.o
 .text.NVIC_EncodePriority
                0x080026b8       0x64 ./Drivers/STM32F1xx_HAL_Driver/Src/stm32f1xx_hal_cortex.o
 .text.SysTick_Config
                0x0800271c       0x44 ./Drivers/STM32F1xx_HAL_Driver/Src/stm32f1xx_hal_cortex.o
 .text.HAL_NVIC_SetPriorityGrouping
                0x08002760       0x16 ./Drivers/STM32F1xx_HAL_Driver/Src/stm32f1xx_hal_cortex.o
                0x08002760                HAL_NVIC_SetPriorityGrouping
 .text.HAL_NVIC_SetPriority
                0x08002776       0x38 ./Drivers/STM32F1xx_HAL_Driver/Src/stm32f1xx_hal_cortex.o
                0x08002776                HAL_NVIC_SetPriority
 .text.HAL_NVIC_EnableIRQ
                0x080027ae       0x1c ./Drivers/STM32F1xx_HAL_Driver/Src/stm32f1xx_hal_cortex.o
                0x080027ae                HAL_NVIC_EnableIRQ
 .text.HAL_SYSTICK_Config
                0x080027ca       0x18 ./Drivers/STM32F1xx_HAL_Driver/Src/stm32f1xx_hal_cortex.o
                0x080027ca                HAL_SYSTICK_Config
 *fill*         0x080027e2        0x2 
 .text.HAL_DMA_Init
                0x080027e4       0xb4 ./Drivers/STM32F1xx_HAL_Driver/Src/stm32f1xx_hal_dma.o
                0x080027e4                HAL_DMA_Init
 .text.HAL_DMA_Start_IT
                0x08002898       0xc0 ./Drivers/STM32F1xx_HAL_Driver/Src/stm32f1xx_hal_dma.o
                0x08002898                HAL_DMA_Start_IT
 .text.HAL_DMA_Abort
                0x08002958       0x76 ./Drivers/STM32F1xx_HAL_Driver/Src/stm32f1xx_hal_dma.o
                0x08002958                HAL_DMA_Abort
 *fill*         0x080029ce        0x2 
 .text.HAL_DMA_Abort_IT
                0x080029d0       0xf0 ./Drivers/STM32F1xx_HAL_Driver/Src/stm32f1xx_hal_dma.o
                0x080029d0                HAL_DMA_Abort_IT
 .text.HAL_DMA_IRQHandler
                0x08002ac0      0x20c ./Drivers/STM32F1xx_HAL_Driver/Src/stm32f1xx_hal_dma.o
                0x08002ac0                HAL_DMA_IRQHandler
 .text.DMA_SetConfig
                0x08002ccc       0x5a ./Drivers/STM32F1xx_HAL_Driver/Src/stm32f1xx_hal_dma.o
 *fill*         0x08002d26        0x2 
 .text.HAL_GPIO_Init
                0x08002d28      0x308 ./Drivers/STM32F1xx_HAL_Driver/Src/stm32f1xx_hal_gpio.o
                0x08002d28                HAL_GPIO_Init
 .text.HAL_GPIO_ReadPin
                0x08003030       0x2e ./Drivers/STM32F1xx_HAL_Driver/Src/stm32f1xx_hal_gpio.o
                0x08003030                HAL_GPIO_ReadPin
 .text.HAL_GPIO_WritePin
                0x0800305e       0x30 ./Drivers/STM32F1xx_HAL_Driver/Src/stm32f1xx_hal_gpio.o
                0x0800305e                HAL_GPIO_WritePin
 .text.HAL_GPIO_TogglePin
                0x0800308e       0x32 ./Drivers/STM32F1xx_HAL_Driver/Src/stm32f1xx_hal_gpio.o
                0x0800308e                HAL_GPIO_TogglePin
 .text.HAL_RCC_OscConfig
                0x080030c0      0x504 ./Drivers/STM32F1xx_HAL_Driver/Src/stm32f1xx_hal_rcc.o
                0x080030c0                HAL_RCC_OscConfig
 .text.HAL_RCC_ClockConfig
                0x080035c4      0x1d4 ./Drivers/STM32F1xx_HAL_Driver/Src/stm32f1xx_hal_rcc.o
                0x080035c4                HAL_RCC_ClockConfig
 .text.HAL_RCC_GetSysClockFreq
                0x08003798       0xa8 ./Drivers/STM32F1xx_HAL_Driver/Src/stm32f1xx_hal_rcc.o
                0x08003798                HAL_RCC_GetSysClockFreq
 .text.HAL_RCC_GetHCLKFreq
                0x08003840       0x14 ./Drivers/STM32F1xx_HAL_Driver/Src/stm32f1xx_hal_rcc.o
                0x08003840                HAL_RCC_GetHCLKFreq
 .text.HAL_RCC_GetPCLK1Freq
                0x08003854       0x28 ./Drivers/STM32F1xx_HAL_Driver/Src/stm32f1xx_hal_rcc.o
                0x08003854                HAL_RCC_GetPCLK1Freq
 .text.HAL_RCC_GetPCLK2Freq
                0x0800387c       0x28 ./Drivers/STM32F1xx_HAL_Driver/Src/stm32f1xx_hal_rcc.o
                0x0800387c                HAL_RCC_GetPCLK2Freq
 .text.RCC_Delay
                0x080038a4       0x3c ./Drivers/STM32F1xx_HAL_Driver/Src/stm32f1xx_hal_rcc.o
 .text.HAL_TIM_Base_Init
                0x080038e0       0x9e ./Drivers/STM32F1xx_HAL_Driver/Src/stm32f1xx_hal_tim.o
                0x080038e0                HAL_TIM_Base_Init
 *fill*         0x0800397e        0x2 
 .text.HAL_TIM_Base_Start_IT
                0x08003980       0xa4 ./Drivers/STM32F1xx_HAL_Driver/Src/stm32f1xx_hal_tim.o
                0x08003980                HAL_TIM_Base_Start_IT
 .text.HAL_TIM_IRQHandler
                0x08003a24      0x1e0 ./Drivers/STM32F1xx_HAL_Driver/Src/stm32f1xx_hal_tim.o
                0x08003a24                HAL_TIM_IRQHandler
 .text.HAL_TIM_ConfigClockSource
                0x08003c04      0x18e ./Drivers/STM32F1xx_HAL_Driver/Src/stm32f1xx_hal_tim.o
                0x08003c04                HAL_TIM_ConfigClockSource
 .text.HAL_TIM_OC_DelayElapsedCallback
                0x08003d92       0x12 ./Drivers/STM32F1xx_HAL_Driver/Src/stm32f1xx_hal_tim.o
                0x08003d92                HAL_TIM_OC_DelayElapsedCallback
 .text.HAL_TIM_IC_CaptureCallback
                0x08003da4       0x12 ./Drivers/STM32F1xx_HAL_Driver/Src/stm32f1xx_hal_tim.o
                0x08003da4                HAL_TIM_IC_CaptureCallback
 .text.HAL_TIM_PWM_PulseFinishedCallback
                0x08003db6       0x12 ./Drivers/STM32F1xx_HAL_Driver/Src/stm32f1xx_hal_tim.o
                0x08003db6                HAL_TIM_PWM_PulseFinishedCallback
 .text.HAL_TIM_TriggerCallback
                0x08003dc8       0x12 ./Drivers/STM32F1xx_HAL_Driver/Src/stm32f1xx_hal_tim.o
                0x08003dc8                HAL_TIM_TriggerCallback
 *fill*         0x08003dda        0x2 
 .text.TIM_Base_SetConfig
                0x08003ddc       0xdc ./Drivers/STM32F1xx_HAL_Driver/Src/stm32f1xx_hal_tim.o
                0x08003ddc                TIM_Base_SetConfig
 .text.TIM_TI1_ConfigInputStage
                0x08003eb8       0x5c ./Drivers/STM32F1xx_HAL_Driver/Src/stm32f1xx_hal_tim.o
 .text.TIM_TI2_ConfigInputStage
                0x08003f14       0x5e ./Drivers/STM32F1xx_HAL_Driver/Src/stm32f1xx_hal_tim.o
 .text.TIM_ITRx_SetConfig
                0x08003f72       0x34 ./Drivers/STM32F1xx_HAL_Driver/Src/stm32f1xx_hal_tim.o
 .text.TIM_ETR_SetConfig
                0x08003fa6       0x3e ./Drivers/STM32F1xx_HAL_Driver/Src/stm32f1xx_hal_tim.o
                0x08003fa6                TIM_ETR_SetConfig
 .text.HAL_TIMEx_MasterConfigSynchronization
                0x08003fe4       0xbc ./Drivers/STM32F1xx_HAL_Driver/Src/stm32f1xx_hal_tim_ex.o
                0x08003fe4                HAL_TIMEx_MasterConfigSynchronization
 .text.HAL_TIMEx_CommutCallback
                0x080040a0       0x12 ./Drivers/STM32F1xx_HAL_Driver/Src/stm32f1xx_hal_tim_ex.o
                0x080040a0                HAL_TIMEx_CommutCallback
 .text.HAL_TIMEx_BreakCallback
                0x080040b2       0x12 ./Drivers/STM32F1xx_HAL_Driver/Src/stm32f1xx_hal_tim_ex.o
                0x080040b2                HAL_TIMEx_BreakCallback
 .text.HAL_UART_Init
                0x080040c4       0xa0 ./Drivers/STM32F1xx_HAL_Driver/Src/stm32f1xx_hal_uart.o
                0x080040c4                HAL_UART_Init
 .text.HAL_UART_Transmit
                0x08004164      0x116 ./Drivers/STM32F1xx_HAL_Driver/Src/stm32f1xx_hal_uart.o
                0x08004164                HAL_UART_Transmit
 *fill*         0x0800427a        0x2 
 .text.HAL_UART_Transmit_DMA
                0x0800427c       0xe0 ./Drivers/STM32F1xx_HAL_Driver/Src/stm32f1xx_hal_uart.o
                0x0800427c                HAL_UART_Transmit_DMA
 .text.HAL_UART_Receive_DMA
                0x0800435c       0x4a ./Drivers/STM32F1xx_HAL_Driver/Src/stm32f1xx_hal_uart.o
                0x0800435c                HAL_UART_Receive_DMA
 *fill*         0x080043a6        0x2 
 .text.HAL_UART_IRQHandler
                0x080043a8      0x524 ./Drivers/STM32F1xx_HAL_Driver/Src/stm32f1xx_hal_uart.o
                0x080043a8                HAL_UART_IRQHandler
 .text.HAL_UART_TxCpltCallback
                0x080048cc       0x12 ./Drivers/STM32F1xx_HAL_Driver/Src/stm32f1xx_hal_uart.o
                0x080048cc                HAL_UART_TxCpltCallback
 .text.HAL_UART_TxHalfCpltCallback
                0x080048de       0x12 ./Drivers/STM32F1xx_HAL_Driver/Src/stm32f1xx_hal_uart.o
                0x080048de                HAL_UART_TxHalfCpltCallback
 .text.HAL_UART_RxCpltCallback
                0x080048f0       0x12 ./Drivers/STM32F1xx_HAL_Driver/Src/stm32f1xx_hal_uart.o
                0x080048f0                HAL_UART_RxCpltCallback
 .text.HAL_UART_RxHalfCpltCallback
                0x08004902       0x12 ./Drivers/STM32F1xx_HAL_Driver/Src/stm32f1xx_hal_uart.o
                0x08004902                HAL_UART_RxHalfCpltCallback
 .text.HAL_UART_ErrorCallback
                0x08004914       0x12 ./Drivers/STM32F1xx_HAL_Driver/Src/stm32f1xx_hal_uart.o
                0x08004914                HAL_UART_ErrorCallback
 .text.HAL_UARTEx_RxEventCallback
                0x08004926       0x16 ./Drivers/STM32F1xx_HAL_Driver/Src/stm32f1xx_hal_uart.o
                0x08004926                HAL_UARTEx_RxEventCallback
 .text.UART_DMATransmitCplt
                0x0800493c       0x9a ./Drivers/STM32F1xx_HAL_Driver/Src/stm32f1xx_hal_uart.o
 .text.UART_DMATxHalfCplt
                0x080049d6       0x1c ./Drivers/STM32F1xx_HAL_Driver/Src/stm32f1xx_hal_uart.o
 .text.UART_DMAReceiveCplt
                0x080049f2      0x12c ./Drivers/STM32F1xx_HAL_Driver/Src/stm32f1xx_hal_uart.o
 .text.UART_DMARxHalfCplt
                0x08004b1e       0x3c ./Drivers/STM32F1xx_HAL_Driver/Src/stm32f1xx_hal_uart.o
 .text.UART_DMAError
                0x08004b5a       0x94 ./Drivers/STM32F1xx_HAL_Driver/Src/stm32f1xx_hal_uart.o
 .text.UART_WaitOnFlagUntilTimeout
                0x08004bee       0xb2 ./Drivers/STM32F1xx_HAL_Driver/Src/stm32f1xx_hal_uart.o
 .text.UART_Start_Receive_DMA
                0x08004ca0      0x134 ./Drivers/STM32F1xx_HAL_Driver/Src/stm32f1xx_hal_uart.o
                0x08004ca0                UART_Start_Receive_DMA
 .text.UART_EndTxTransfer
                0x08004dd4       0x4e ./Drivers/STM32F1xx_HAL_Driver/Src/stm32f1xx_hal_uart.o
 .text.UART_EndRxTransfer
                0x08004e22       0xc4 ./Drivers/STM32F1xx_HAL_Driver/Src/stm32f1xx_hal_uart.o
 .text.UART_DMAAbortOnError
                0x08004ee6       0x28 ./Drivers/STM32F1xx_HAL_Driver/Src/stm32f1xx_hal_uart.o
 .text.UART_Transmit_IT
                0x08004f0e       0x9e ./Drivers/STM32F1xx_HAL_Driver/Src/stm32f1xx_hal_uart.o
 .text.UART_EndTransmit_IT
                0x08004fac       0x30 ./Drivers/STM32F1xx_HAL_Driver/Src/stm32f1xx_hal_uart.o
 .text.UART_Receive_IT
                0x08004fdc      0x17c ./Drivers/STM32F1xx_HAL_Driver/Src/stm32f1xx_hal_uart.o
 .text.UART_SetConfig
                0x08005158      0x11c ./Drivers/STM32F1xx_HAL_Driver/Src/stm32f1xx_hal_uart.o
 .text.snprintf
                0x08005274       0x68 C:/ST/STM32CubeIDE_1.17.0/STM32CubeIDE/plugins/com.st.stm32cube.ide.mcu.externaltools.gnu-tools-for-stm32.12.3.rel1.win32_1.1.0.202410251130/tools/bin/../lib/gcc/arm-none-eabi/12.3.1/../../../../arm-none-eabi/lib/thumb/v7-m/nofp\libc_nano.a(libc_a-snprintf.o)
                0x08005274                sniprintf
                0x08005274                snprintf
 .text.sprintf  0x080052dc       0x40 C:/ST/STM32CubeIDE_1.17.0/STM32CubeIDE/plugins/com.st.stm32cube.ide.mcu.externaltools.gnu-tools-for-stm32.12.3.rel1.win32_1.1.0.202410251130/tools/bin/../lib/gcc/arm-none-eabi/12.3.1/../../../../arm-none-eabi/lib/thumb/v7-m/nofp\libc_nano.a(libc_a-sprintf.o)
                0x080052dc                siprintf
                0x080052dc                sprintf
 .text._vsnprintf_r
                0x0800531c       0x56 C:/ST/STM32CubeIDE_1.17.0/STM32CubeIDE/plugins/com.st.stm32cube.ide.mcu.externaltools.gnu-tools-for-stm32.12.3.rel1.win32_1.1.0.202410251130/tools/bin/../lib/gcc/arm-none-eabi/12.3.1/../../../../arm-none-eabi/lib/thumb/v7-m/nofp\libc_nano.a(libc_a-vsnprintf.o)
                0x0800531c                _vsniprintf_r
                0x0800531c                _vsnprintf_r
 *fill*         0x08005372        0x2 
 .text.vsnprintf
                0x08005374       0x1c C:/ST/STM32CubeIDE_1.17.0/STM32CubeIDE/plugins/com.st.stm32cube.ide.mcu.externaltools.gnu-tools-for-stm32.12.3.rel1.win32_1.1.0.202410251130/tools/bin/../lib/gcc/arm-none-eabi/12.3.1/../../../../arm-none-eabi/lib/thumb/v7-m/nofp\libc_nano.a(libc_a-vsnprintf.o)
                0x08005374                vsniprintf
                0x08005374                vsnprintf
 .text.memset   0x08005390       0x10 C:/ST/STM32CubeIDE_1.17.0/STM32CubeIDE/plugins/com.st.stm32cube.ide.mcu.externaltools.gnu-tools-for-stm32.12.3.rel1.win32_1.1.0.202410251130/tools/bin/../lib/gcc/arm-none-eabi/12.3.1/../../../../arm-none-eabi/lib/thumb/v7-m/nofp\libc_nano.a(libc_a-memset.o)
                0x08005390                memset
 .text.__errno  0x080053a0        0xc C:/ST/STM32CubeIDE_1.17.0/STM32CubeIDE/plugins/com.st.stm32cube.ide.mcu.externaltools.gnu-tools-for-stm32.12.3.rel1.win32_1.1.0.202410251130/tools/bin/../lib/gcc/arm-none-eabi/12.3.1/../../../../arm-none-eabi/lib/thumb/v7-m/nofp\libc_nano.a(libc_a-errno.o)
                0x080053a0                __errno
 .text.__libc_init_array
                0x080053ac       0x48 C:/ST/STM32CubeIDE_1.17.0/STM32CubeIDE/plugins/com.st.stm32cube.ide.mcu.externaltools.gnu-tools-for-stm32.12.3.rel1.win32_1.1.0.202410251130/tools/bin/../lib/gcc/arm-none-eabi/12.3.1/../../../../arm-none-eabi/lib/thumb/v7-m/nofp\libc_nano.a(libc_a-init.o)
                0x080053ac                __libc_init_array
 .text.__retarget_lock_acquire_recursive
                0x080053f4        0x2 C:/ST/STM32CubeIDE_1.17.0/STM32CubeIDE/plugins/com.st.stm32cube.ide.mcu.externaltools.gnu-tools-for-stm32.12.3.rel1.win32_1.1.0.202410251130/tools/bin/../lib/gcc/arm-none-eabi/12.3.1/../../../../arm-none-eabi/lib/thumb/v7-m/nofp\libc_nano.a(libc_a-lock.o)
                0x080053f4                __retarget_lock_acquire_recursive
 .text.__retarget_lock_release_recursive
                0x080053f6        0x2 C:/ST/STM32CubeIDE_1.17.0/STM32CubeIDE/plugins/com.st.stm32cube.ide.mcu.externaltools.gnu-tools-for-stm32.12.3.rel1.win32_1.1.0.202410251130/tools/bin/../lib/gcc/arm-none-eabi/12.3.1/../../../../arm-none-eabi/lib/thumb/v7-m/nofp\libc_nano.a(libc_a-lock.o)
                0x080053f6                __retarget_lock_release_recursive
 .text.memcpy   0x080053f8       0x1c C:/ST/STM32CubeIDE_1.17.0/STM32CubeIDE/plugins/com.st.stm32cube.ide.mcu.externaltools.gnu-tools-for-stm32.12.3.rel1.win32_1.1.0.202410251130/tools/bin/../lib/gcc/arm-none-eabi/12.3.1/../../../../arm-none-eabi/lib/thumb/v7-m/nofp\libc_nano.a(libc_a-memcpy-stub.o)
                0x080053f8                memcpy
 .text._free_r  0x08005414       0x90 C:/ST/STM32CubeIDE_1.17.0/STM32CubeIDE/plugins/com.st.stm32cube.ide.mcu.externaltools.gnu-tools-for-stm32.12.3.rel1.win32_1.1.0.202410251130/tools/bin/../lib/gcc/arm-none-eabi/12.3.1/../../../../arm-none-eabi/lib/thumb/v7-m/nofp\libc_nano.a(libc_a-freer.o)
                0x08005414                _free_r
 .text.sbrk_aligned
                0x080054a4       0x44 C:/ST/STM32CubeIDE_1.17.0/STM32CubeIDE/plugins/com.st.stm32cube.ide.mcu.externaltools.gnu-tools-for-stm32.12.3.rel1.win32_1.1.0.202410251130/tools/bin/../lib/gcc/arm-none-eabi/12.3.1/../../../../arm-none-eabi/lib/thumb/v7-m/nofp\libc_nano.a(libc_a-mallocr.o)
 .text._malloc_r
                0x080054e8      0x100 C:/ST/STM32CubeIDE_1.17.0/STM32CubeIDE/plugins/com.st.stm32cube.ide.mcu.externaltools.gnu-tools-for-stm32.12.3.rel1.win32_1.1.0.202410251130/tools/bin/../lib/gcc/arm-none-eabi/12.3.1/../../../../arm-none-eabi/lib/thumb/v7-m/nofp\libc_nano.a(libc_a-mallocr.o)
                0x080054e8                _malloc_r
 .text.__malloc_lock
                0x080055e8        0xc C:/ST/STM32CubeIDE_1.17.0/STM32CubeIDE/plugins/com.st.stm32cube.ide.mcu.externaltools.gnu-tools-for-stm32.12.3.rel1.win32_1.1.0.202410251130/tools/bin/../lib/gcc/arm-none-eabi/12.3.1/../../../../arm-none-eabi/lib/thumb/v7-m/nofp\libc_nano.a(libc_a-mlock.o)
                0x080055e8                __malloc_lock
 .text.__malloc_unlock
                0x080055f4        0xc C:/ST/STM32CubeIDE_1.17.0/STM32CubeIDE/plugins/com.st.stm32cube.ide.mcu.externaltools.gnu-tools-for-stm32.12.3.rel1.win32_1.1.0.202410251130/tools/bin/../lib/gcc/arm-none-eabi/12.3.1/../../../../arm-none-eabi/lib/thumb/v7-m/nofp\libc_nano.a(libc_a-mlock.o)
                0x080055f4                __malloc_unlock
 .text.__ssputs_r
                0x08005600       0xb6 C:/ST/STM32CubeIDE_1.17.0/STM32CubeIDE/plugins/com.st.stm32cube.ide.mcu.externaltools.gnu-tools-for-stm32.12.3.rel1.win32_1.1.0.202410251130/tools/bin/../lib/gcc/arm-none-eabi/12.3.1/../../../../arm-none-eabi/lib/thumb/v7-m/nofp\libc_nano.a(libc_a-nano-svfprintf.o)
                0x08005600                __ssputs_r
 *fill*         0x080056b6        0x2 
 .text._svfprintf_r
                0x080056b8      0x1f8 C:/ST/STM32CubeIDE_1.17.0/STM32CubeIDE/plugins/com.st.stm32cube.ide.mcu.externaltools.gnu-tools-for-stm32.12.3.rel1.win32_1.1.0.202410251130/tools/bin/../lib/gcc/arm-none-eabi/12.3.1/../../../../arm-none-eabi/lib/thumb/v7-m/nofp\libc_nano.a(libc_a-nano-svfprintf.o)
                0x080056b8                _svfiprintf_r
                0x080056b8                _svfprintf_r
 .text._printf_common
                0x080058b0       0xe4 C:/ST/STM32CubeIDE_1.17.0/STM32CubeIDE/plugins/com.st.stm32cube.ide.mcu.externaltools.gnu-tools-for-stm32.12.3.rel1.win32_1.1.0.202410251130/tools/bin/../lib/gcc/arm-none-eabi/12.3.1/../../../../arm-none-eabi/lib/thumb/v7-m/nofp\libc_nano.a(libc_a-nano-vfprintf_i.o)
                0x080058b0                _printf_common
 .text._printf_i
                0x08005994      0x240 C:/ST/STM32CubeIDE_1.17.0/STM32CubeIDE/plugins/com.st.stm32cube.ide.mcu.externaltools.gnu-tools-for-stm32.12.3.rel1.win32_1.1.0.202410251130/tools/bin/../lib/gcc/arm-none-eabi/12.3.1/../../../../arm-none-eabi/lib/thumb/v7-m/nofp\libc_nano.a(libc_a-nano-vfprintf_i.o)
                0x08005994                _printf_i
 .text.memmove  0x08005bd4       0x34 C:/ST/STM32CubeIDE_1.17.0/STM32CubeIDE/plugins/com.st.stm32cube.ide.mcu.externaltools.gnu-tools-for-stm32.12.3.rel1.win32_1.1.0.202410251130/tools/bin/../lib/gcc/arm-none-eabi/12.3.1/../../../../arm-none-eabi/lib/thumb/v7-m/nofp\libc_nano.a(libc_a-memmove.o)
                0x08005bd4                memmove
 .text._sbrk_r  0x08005c08       0x20 C:/ST/STM32CubeIDE_1.17.0/STM32CubeIDE/plugins/com.st.stm32cube.ide.mcu.externaltools.gnu-tools-for-stm32.12.3.rel1.win32_1.1.0.202410251130/tools/bin/../lib/gcc/arm-none-eabi/12.3.1/../../../../arm-none-eabi/lib/thumb/v7-m/nofp\libc_nano.a(libc_a-sbrkr.o)
                0x08005c08                _sbrk_r
 .text.memchr   0x08005c28       0x1c C:/ST/STM32CubeIDE_1.17.0/STM32CubeIDE/plugins/com.st.stm32cube.ide.mcu.externaltools.gnu-tools-for-stm32.12.3.rel1.win32_1.1.0.202410251130/tools/bin/../lib/gcc/arm-none-eabi/12.3.1/../../../../arm-none-eabi/lib/thumb/v7-m/nofp\libc_nano.a(libc_a-memchr-stub.o)
                0x08005c28                memchr
 .text._realloc_r
                0x08005c44       0x5c C:/ST/STM32CubeIDE_1.17.0/STM32CubeIDE/plugins/com.st.stm32cube.ide.mcu.externaltools.gnu-tools-for-stm32.12.3.rel1.win32_1.1.0.202410251130/tools/bin/../lib/gcc/arm-none-eabi/12.3.1/../../../../arm-none-eabi/lib/thumb/v7-m/nofp\libc_nano.a(libc_a-reallocr.o)
                0x08005c44                _realloc_r
 .text._malloc_usable_size_r
                0x08005ca0       0x10 C:/ST/STM32CubeIDE_1.17.0/STM32CubeIDE/plugins/com.st.stm32cube.ide.mcu.externaltools.gnu-tools-for-stm32.12.3.rel1.win32_1.1.0.202410251130/tools/bin/../lib/gcc/arm-none-eabi/12.3.1/../../../../arm-none-eabi/lib/thumb/v7-m/nofp\libc_nano.a(libc_a-msizer.o)
                0x08005ca0                _malloc_usable_size_r
 *(.glue_7)
 .glue_7        0x08005cb0        0x0 linker stubs
 *(.glue_7t)
 .glue_7t       0x08005cb0        0x0 linker stubs
 *(.eh_frame)
 .eh_frame      0x08005cb0        0x0 C:/ST/STM32CubeIDE_1.17.0/STM32CubeIDE/plugins/com.st.stm32cube.ide.mcu.externaltools.gnu-tools-for-stm32.12.3.rel1.win32_1.1.0.202410251130/tools/bin/../lib/gcc/arm-none-eabi/12.3.1/thumb/v7-m/nofp/crtbegin.o
 *(.init)
 .init          0x08005cb0        0x4 C:/ST/STM32CubeIDE_1.17.0/STM32CubeIDE/plugins/com.st.stm32cube.ide.mcu.externaltools.gnu-tools-for-stm32.12.3.rel1.win32_1.1.0.202410251130/tools/bin/../lib/gcc/arm-none-eabi/12.3.1/thumb/v7-m/nofp/crti.o
                0x08005cb0                _init
 .init          0x08005cb4        0x8 C:/ST/STM32CubeIDE_1.17.0/STM32CubeIDE/plugins/com.st.stm32cube.ide.mcu.externaltools.gnu-tools-for-stm32.12.3.rel1.win32_1.1.0.202410251130/tools/bin/../lib/gcc/arm-none-eabi/12.3.1/thumb/v7-m/nofp/crtn.o
 *(.fini)
 .fini          0x08005cbc        0x4 C:/ST/STM32CubeIDE_1.17.0/STM32CubeIDE/plugins/com.st.stm32cube.ide.mcu.externaltools.gnu-tools-for-stm32.12.3.rel1.win32_1.1.0.202410251130/tools/bin/../lib/gcc/arm-none-eabi/12.3.1/thumb/v7-m/nofp/crti.o
                0x08005cbc                _fini
 .fini          0x08005cc0        0x8 C:/ST/STM32CubeIDE_1.17.0/STM32CubeIDE/plugins/com.st.stm32cube.ide.mcu.externaltools.gnu-tools-for-stm32.12.3.rel1.win32_1.1.0.202410251130/tools/bin/../lib/gcc/arm-none-eabi/12.3.1/thumb/v7-m/nofp/crtn.o
                0x08005cc8                        . = ALIGN (0x4)
                0x08005cc8                        _etext = .

.vfp11_veneer   0x08005cc8        0x0
 .vfp11_veneer  0x08005cc8        0x0 linker stubs

.v4_bx          0x08005cc8        0x0
 .v4_bx         0x08005cc8        0x0 linker stubs

.iplt           0x08005cc8        0x0
 .iplt          0x08005cc8        0x0 C:/ST/STM32CubeIDE_1.17.0/STM32CubeIDE/plugins/com.st.stm32cube.ide.mcu.externaltools.gnu-tools-for-stm32.12.3.rel1.win32_1.1.0.202410251130/tools/bin/../lib/gcc/arm-none-eabi/12.3.1/thumb/v7-m/nofp/crtbegin.o

.rodata         0x08005cc8      0x4bc
                0x08005cc8                        . = ALIGN (0x4)
 *(.rodata)
 .rodata        0x08005cc8       0xbd ./Core/Src/fsm_input_processing.o
 *fill*         0x08005d85        0x3 
 .rodata        0x08005d88      0x1eb ./Core/Src/fsm_main_processing.o
 *fill*         0x08005f73        0x1 
 .rodata        0x08005f74       0x67 ./Core/Src/fsm_output_processing.o
 *fill*         0x08005fdb        0x1 
 .rodata        0x08005fdc       0x3d ./Core/Src/logger.o
 *fill*         0x08006019        0x3 
 .rodata        0x0800601c        0x7 ./Core/Src/uart.o
 *(.rodata*)
 *fill*         0x08006023        0x1 
 .rodata.crc_table
                0x08006024      0x100 ./Core/Src/crc.o
 .rodata.AHBPrescTable
                0x08006124       0x10 ./Core/Src/system_stm32f1xx.o
                0x08006124                AHBPrescTable
 .rodata.APBPrescTable
                0x08006134        0x8 ./Core/Src/system_stm32f1xx.o
                0x08006134                APBPrescTable
 .rodata.aPLLMULFactorTable.1
                0x0800613c       0x10 ./Drivers/STM32F1xx_HAL_Driver/Src/stm32f1xx_hal_rcc.o
 .rodata.aPredivFactorTable.0
                0x0800614c        0x2 ./Drivers/STM32F1xx_HAL_Driver/Src/stm32f1xx_hal_rcc.o
 .rodata._svfprintf_r.str1.1
                0x0800614e       0x11 C:/ST/STM32CubeIDE_1.17.0/STM32CubeIDE/plugins/com.st.stm32cube.ide.mcu.externaltools.gnu-tools-for-stm32.12.3.rel1.win32_1.1.0.202410251130/tools/bin/../lib/gcc/arm-none-eabi/12.3.1/../../../../arm-none-eabi/lib/thumb/v7-m/nofp\libc_nano.a(libc_a-nano-svfprintf.o)
 .rodata._printf_i.str1.1
                0x0800615f       0x22 C:/ST/STM32CubeIDE_1.17.0/STM32CubeIDE/plugins/com.st.stm32cube.ide.mcu.externaltools.gnu-tools-for-stm32.12.3.rel1.win32_1.1.0.202410251130/tools/bin/../lib/gcc/arm-none-eabi/12.3.1/../../../../arm-none-eabi/lib/thumb/v7-m/nofp\libc_nano.a(libc_a-nano-vfprintf_i.o)
                0x08006184                        . = ALIGN (0x4)
 *fill*         0x08006181        0x3 

.ARM.extab      0x08006184        0x0
                0x08006184                        . = ALIGN (0x4)
 *(.ARM.extab* .gnu.linkonce.armextab.*)
                0x08006184                        . = ALIGN (0x4)

.ARM            0x08006184        0x0
                0x08006184                        . = ALIGN (0x4)
                0x08006184                        __exidx_start = .
 *(.ARM.exidx*)
                0x08006184                        __exidx_end = .
                0x08006184                        . = ALIGN (0x4)

.preinit_array  0x08006184        0x0
                0x08006184                        . = ALIGN (0x4)
                0x08006184                        PROVIDE (__preinit_array_start = .)
 *(.preinit_array*)
                0x08006184                        PROVIDE (__preinit_array_end = .)
                0x08006184                        . = ALIGN (0x4)

.init_array     0x08006184        0x4
                0x08006184                        . = ALIGN (0x4)
                0x08006184                        PROVIDE (__init_array_start = .)
 *(SORT_BY_NAME(.init_array.*))
 *(.init_array*)
 .init_array    0x08006184        0x4 C:/ST/STM32CubeIDE_1.17.0/STM32CubeIDE/plugins/com.st.stm32cube.ide.mcu.externaltools.gnu-tools-for-stm32.12.3.rel1.win32_1.1.0.202410251130/tools/bin/../lib/gcc/arm-none-eabi/12.3.1/thumb/v7-m/nofp/crtbegin.o
                0x08006188                        PROVIDE (__init_array_end = .)
                0x08006188                        . = ALIGN (0x4)

.fini_array     0x08006188        0x4
                0x08006188                        . = ALIGN (0x4)
                [!provide]                        PROVIDE (__fini_array_start = .)
 *(SORT_BY_NAME(.fini_array.*))
 *(.fini_array*)
 .fini_array    0x08006188        0x4 C:/ST/STM32CubeIDE_1.17.0/STM32CubeIDE/plugins/com.st.stm32cube.ide.mcu.externaltools.gnu-tools-for-stm32.12.3.rel1.win32_1.1.0.202410251130/tools/bin/../lib/gcc/arm-none-eabi/12.3.1/thumb/v7-m/nofp/crtbegin.o
                [!provide]                        PROVIDE (__fini_array_end = .)
                0x0800618c                        . = ALIGN (0x4)
                0x0800618c                        _sidata = LOADADDR (.data)

.rel.dyn        0x0800618c        0x0
 .rel.iplt      0x0800618c        0x0 C:/ST/STM32CubeIDE_1.17.0/STM32CubeIDE/plugins/com.st.stm32cube.ide.mcu.externaltools.gnu-tools-for-stm32.12.3.rel1.win32_1.1.0.202410251130/tools/bin/../lib/gcc/arm-none-eabi/12.3.1/thumb/v7-m/nofp/crtbegin.o

.data           0x20000000       0x6c load address 0x0800618c
                0x20000000                        . = ALIGN (0x4)
                0x20000000                        _sdata = .
 *(.data)
 *(.data*)
 .data.longPressDurations
                0x20000000        0x8 ./Core/Src/button.o
                0x20000000                longPressDurations
 .data.state    0x20000008        0x1 ./Core/Src/fsm_input_processing.o
 .data.state    0x20000009        0x1 ./Core/Src/fsm_main_processing.o
 .data.system_log_level
                0x2000000a        0x1 ./Core/Src/logger.o
                0x2000000a                system_log_level
 *fill*         0x2000000b        0x1 
 .data.SystemCoreClock
                0x2000000c        0x4 ./Core/Src/system_stm32f1xx.o
                0x2000000c                SystemCoreClock
 .data.uart1TxFlag
                0x20000010        0x1 ./Core/Src/uart.o
                0x20000010                uart1TxFlag
 *fill*         0x20000011        0x3 
 .data.uwTickPrio
                0x20000014        0x4 ./Drivers/STM32F1xx_HAL_Driver/Src/stm32f1xx_hal.o
                0x20000014                uwTickPrio
 .data.uwTickFreq
                0x20000018        0x1 ./Drivers/STM32F1xx_HAL_Driver/Src/stm32f1xx_hal.o
                0x20000018                uwTickFreq
 *fill*         0x20000019        0x3 
 .data._impure_ptr
                0x2000001c        0x4 C:/ST/STM32CubeIDE_1.17.0/STM32CubeIDE/plugins/com.st.stm32cube.ide.mcu.externaltools.gnu-tools-for-stm32.12.3.rel1.win32_1.1.0.202410251130/tools/bin/../lib/gcc/arm-none-eabi/12.3.1/../../../../arm-none-eabi/lib/thumb/v7-m/nofp\libc_nano.a(libc_a-impure.o)
                0x2000001c                _impure_ptr
 .data._impure_data
                0x20000020       0x4c C:/ST/STM32CubeIDE_1.17.0/STM32CubeIDE/plugins/com.st.stm32cube.ide.mcu.externaltools.gnu-tools-for-stm32.12.3.rel1.win32_1.1.0.202410251130/tools/bin/../lib/gcc/arm-none-eabi/12.3.1/../../../../arm-none-eabi/lib/thumb/v7-m/nofp\libc_nano.a(libc_a-impure.o)
                0x20000020                _impure_data
 *(.RamFunc)
 *(.RamFunc*)
                0x2000006c                        . = ALIGN (0x4)
                0x2000006c                        _edata = .

.igot.plt       0x2000006c        0x0 load address 0x080061f8
 .igot.plt      0x2000006c        0x0 C:/ST/STM32CubeIDE_1.17.0/STM32CubeIDE/plugins/com.st.stm32cube.ide.mcu.externaltools.gnu-tools-for-stm32.12.3.rel1.win32_1.1.0.202410251130/tools/bin/../lib/gcc/arm-none-eabi/12.3.1/thumb/v7-m/nofp/crtbegin.o
                0x2000006c                        . = ALIGN (0x4)

.bss            0x2000006c     0x139c load address 0x080061f8
                0x2000006c                        _sbss = .
                0x2000006c                        __bss_start__ = _sbss
 *(.bss)
 .bss           0x2000006c       0x1c C:/ST/STM32CubeIDE_1.17.0/STM32CubeIDE/plugins/com.st.stm32cube.ide.mcu.externaltools.gnu-tools-for-stm32.12.3.rel1.win32_1.1.0.202410251130/tools/bin/../lib/gcc/arm-none-eabi/12.3.1/thumb/v7-m/nofp/crtbegin.o
 *(.bss*)
 .bss.keyReg0s  0x20000088        0x8 ./Core/Src/button.o
                0x20000088                keyReg0s
 .bss.keyReg1s  0x20000090        0x8 ./Core/Src/button.o
                0x20000090                keyReg1s
 .bss.keyReg2s  0x20000098        0x8 ./Core/Src/button.o
                0x20000098                keyReg2s
 .bss.keyRegStables
                0x200000a0        0x8 ./Core/Src/button.o
                0x200000a0                keyRegStables
 .bss.states    0x200000a8        0x8 ./Core/Src/button.o
                0x200000a8                states
 .bss.pressedFlags
                0x200000b0        0x8 ./Core/Src/button.o
                0x200000b0                pressedFlags
 .bss.longPressedFlags
                0x200000b8        0x8 ./Core/Src/button.o
                0x200000b8                longPressedFlags
 .bss.i_ORPQueue
                0x200000c0      0x1fc ./Core/Src/fsm_input_processing.o
                0x200000c0                i_ORPQueue
 .bss.i_rs485Queue
                0x200002bc      0x1fc ./Core/Src/fsm_input_processing.o
                0x200002bc                i_rs485Queue
 .bss.i_KNXQueue
                0x200004b8      0x1fc ./Core/Src/fsm_input_processing.o
                0x200004b8                i_KNXQueue
 .bss.o_UPLINKQueue
                0x200006b4      0x1fc ./Core/Src/fsm_input_processing.o
                0x200006b4                o_UPLINKQueue
 .bss.o_RS485Queue
                0x200008b0      0x1fc ./Core/Src/fsm_input_processing.o
                0x200008b0                o_RS485Queue
 .bss.o_KNXQueue
                0x20000aac      0x1fc ./Core/Src/fsm_input_processing.o
                0x20000aac                o_KNXQueue
 .bss.i_inputBtn1PressFlag
                0x20000ca8        0x1 ./Core/Src/fsm_input_processing.o
                0x20000ca8                i_inputBtn1PressFlag
 *fill*         0x20000ca9        0x3 
 .bss.knx_rx_acc
                0x20000cac       0x40 ./Core/Src/fsm_input_processing.o
 .bss.knx_rx_acc_len
                0x20000cec        0x2 ./Core/Src/fsm_input_processing.o
 .bss.is_receiving
                0x20000cee        0x1 ./Core/Src/fsm_input_processing.o
 .bss.couplerX  0x20000cef        0x1 ./Core/Src/fsm_main_processing.o
 .bss.poll_state
                0x20000cf0        0x1 ./Core/Src/fsm_main_processing.o
                0x20000cf0                poll_state
 *fill*         0x20000cf1        0x3 
 .bss.txData    0x20000cf4       0x32 ./Core/Src/fsm_output_processing.o
 .bss.o_outputLedType
                0x20000d26        0x1 ./Core/Src/fsm_output_processing.o
                0x20000d26                o_outputLedType
 *fill*         0x20000d27        0x1 
 .bss.knx_tx_buffer
                0x20000d28       0x40 ./Core/Src/fsm_output_processing.o
 .bss.knx_tx_length
                0x20000d68        0x1 ./Core/Src/fsm_output_processing.o
 .bss.knx_tx_index
                0x20000d69        0x1 ./Core/Src/fsm_output_processing.o
 .bss.knx_tx_is_sending
                0x20000d6a        0x1 ./Core/Src/fsm_output_processing.o
 *fill*         0x20000d6b        0x1 
 .bss.htim3     0x20000d6c       0x48 ./Core/Src/main.o
                0x20000d6c                htim3
 .bss.timerFlag
                0x20000db4        0x5 ./Core/Src/soft_timer.o
                0x20000db4                timerFlag
 *fill*         0x20000db9        0x3 
 .bss.timerCounter
                0x20000dbc       0x14 ./Core/Src/soft_timer.o
                0x20000dbc                timerCounter
 .bss.__sbrk_heap_end
                0x20000dd0        0x4 ./Core/Src/sysmem.o
 .bss.huart1    0x20000dd4       0x48 ./Core/Src/uart.o
                0x20000dd4                huart1
 .bss.huart2    0x20000e1c       0x48 ./Core/Src/uart.o
                0x20000e1c                huart2
 .bss.huart3    0x20000e64       0x48 ./Core/Src/uart.o
                0x20000e64                huart3
 .bss.hdma_usart1_rx
                0x20000eac       0x44 ./Core/Src/uart.o
                0x20000eac                hdma_usart1_rx
 .bss.hdma_usart1_tx
                0x20000ef0       0x44 ./Core/Src/uart.o
                0x20000ef0                hdma_usart1_tx
 .bss.hdma_usart2_tx
                0x20000f34       0x44 ./Core/Src/uart.o
                0x20000f34                hdma_usart2_tx
 .bss.hdma_usart2_rx
                0x20000f78       0x44 ./Core/Src/uart.o
                0x20000f78                hdma_usart2_rx
 .bss.hdma_usart3_rx
                0x20000fbc       0x44 ./Core/Src/uart.o
                0x20000fbc                hdma_usart3_rx
 .bss.hdma_usart3_tx
                0x20001000       0x44 ./Core/Src/uart.o
                0x20001000                hdma_usart3_tx
 .bss.oldPos1   0x20001044        0x2 ./Core/Src/uart.o
 .bss.oldPos2   0x20001046        0x2 ./Core/Src/uart.o
 .bss.oldPos3   0x20001048        0x2 ./Core/Src/uart.o
 *fill*         0x2000104a        0x2 
 .bss.dmaUart1RxBuffer
                0x2000104c       0x65 ./Core/Src/uart.o
                0x2000104c                dmaUart1RxBuffer
 *fill*         0x200010b1        0x3 
 .bss.uart1RxBuffer
                0x200010b4       0x65 ./Core/Src/uart.o
                0x200010b4                uart1RxBuffer
 .bss.uart1RxFlag
                0x20001119        0x1 ./Core/Src/uart.o
                0x20001119                uart1RxFlag
 *fill*         0x2000111a        0x2 
 .bss.dmaUart2RxBuffer
                0x2000111c       0x65 ./Core/Src/uart.o
                0x2000111c                dmaUart2RxBuffer
 *fill*         0x20001181        0x3 
 .bss.uart2RxBuffer
                0x20001184       0x65 ./Core/Src/uart.o
                0x20001184                uart2RxBuffer
 .bss.uart2RxFlag
                0x200011e9        0x1 ./Core/Src/uart.o
                0x200011e9                uart2RxFlag
 *fill*         0x200011ea        0x2 
 .bss.dmaUart3RxBuffer
                0x200011ec       0x65 ./Core/Src/uart.o
                0x200011ec                dmaUart3RxBuffer
 *fill*         0x20001251        0x3 
 .bss.uart3RxBuffer
                0x20001254       0x65 ./Core/Src/uart.o
                0x20001254                uart3RxBuffer
 .bss.uart3RxFlag
                0x200012b9        0x1 ./Core/Src/uart.o
                0x200012b9                uart3RxFlag
 *fill*         0x200012ba        0x2 
 .bss.uwTick    0x200012bc        0x4 ./Drivers/STM32F1xx_HAL_Driver/Src/stm32f1xx_hal.o
                0x200012bc                uwTick
 .bss.__sf      0x200012c0      0x138 C:/ST/STM32CubeIDE_1.17.0/STM32CubeIDE/plugins/com.st.stm32cube.ide.mcu.externaltools.gnu-tools-for-stm32.12.3.rel1.win32_1.1.0.202410251130/tools/bin/../lib/gcc/arm-none-eabi/12.3.1/../../../../arm-none-eabi/lib/thumb/v7-m/nofp\libc_nano.a(libc_a-findfp.o)
                0x200012c0                __sf
 .bss.errno     0x200013f8        0x4 C:/ST/STM32CubeIDE_1.17.0/STM32CubeIDE/plugins/com.st.stm32cube.ide.mcu.externaltools.gnu-tools-for-stm32.12.3.rel1.win32_1.1.0.202410251130/tools/bin/../lib/gcc/arm-none-eabi/12.3.1/../../../../arm-none-eabi/lib/thumb/v7-m/nofp\libc_nano.a(libc_a-reent.o)
                0x200013f8                errno
 .bss.__lock___malloc_recursive_mutex
                0x200013fc        0x1 C:/ST/STM32CubeIDE_1.17.0/STM32CubeIDE/plugins/com.st.stm32cube.ide.mcu.externaltools.gnu-tools-for-stm32.12.3.rel1.win32_1.1.0.202410251130/tools/bin/../lib/gcc/arm-none-eabi/12.3.1/../../../../arm-none-eabi/lib/thumb/v7-m/nofp\libc_nano.a(libc_a-lock.o)
                0x200013fc                __lock___malloc_recursive_mutex
 *fill*         0x200013fd        0x3 
 .bss.__malloc_sbrk_start
                0x20001400        0x4 C:/ST/STM32CubeIDE_1.17.0/STM32CubeIDE/plugins/com.st.stm32cube.ide.mcu.externaltools.gnu-tools-for-stm32.12.3.rel1.win32_1.1.0.202410251130/tools/bin/../lib/gcc/arm-none-eabi/12.3.1/../../../../arm-none-eabi/lib/thumb/v7-m/nofp\libc_nano.a(libc_a-mallocr.o)
                0x20001400                __malloc_sbrk_start
 .bss.__malloc_free_list
                0x20001404        0x4 C:/ST/STM32CubeIDE_1.17.0/STM32CubeIDE/plugins/com.st.stm32cube.ide.mcu.externaltools.gnu-tools-for-stm32.12.3.rel1.win32_1.1.0.202410251130/tools/bin/../lib/gcc/arm-none-eabi/12.3.1/../../../../arm-none-eabi/lib/thumb/v7-m/nofp\libc_nano.a(libc_a-mallocr.o)
                0x20001404                __malloc_free_list
 *(COMMON)
                0x20001408                        . = ALIGN (0x4)
                0x20001408                        _ebss = .
                0x20001408                        __bss_end__ = _ebss

._user_heap_stack
                0x20001408      0x600 load address 0x080061f8
                0x20001408                        . = ALIGN (0x8)
                [!provide]                        PROVIDE (end = .)
                0x20001408                        PROVIDE (_end = .)
                0x20001608                        . = (. + _Min_Heap_Size)
 *fill*         0x20001408      0x200 
                0x20001a08                        . = (. + _Min_Stack_Size)
 *fill*         0x20001608      0x400 
                0x20001a08                        . = ALIGN (0x8)

/DISCARD/
 libc.a(*)
 libm.a(*)
 libgcc.a(*)

.ARM.attributes
                0x00000000       0x29
 *(.ARM.attributes)
 .ARM.attributes
                0x00000000       0x1d C:/ST/STM32CubeIDE_1.17.0/STM32CubeIDE/plugins/com.st.stm32cube.ide.mcu.externaltools.gnu-tools-for-stm32.12.3.rel1.win32_1.1.0.202410251130/tools/bin/../lib/gcc/arm-none-eabi/12.3.1/thumb/v7-m/nofp/crti.o
 .ARM.attributes
                0x0000001d       0x2d C:/ST/STM32CubeIDE_1.17.0/STM32CubeIDE/plugins/com.st.stm32cube.ide.mcu.externaltools.gnu-tools-for-stm32.12.3.rel1.win32_1.1.0.202410251130/tools/bin/../lib/gcc/arm-none-eabi/12.3.1/thumb/v7-m/nofp/crtbegin.o
 .ARM.attributes
                0x0000004a       0x2d ./Core/Src/button.o
 .ARM.attributes
                0x00000077       0x2d ./Core/Src/crc.o
 .ARM.attributes
                0x000000a4       0x2d ./Core/Src/fsm_input_processing.o
 .ARM.attributes
                0x000000d1       0x2d ./Core/Src/fsm_main_processing.o
 .ARM.attributes
                0x000000fe       0x2d ./Core/Src/fsm_output_processing.o
 .ARM.attributes
                0x0000012b       0x2d ./Core/Src/knx.o
 .ARM.attributes
                0x00000158       0x2d ./Core/Src/logger.o
 .ARM.attributes
                0x00000185       0x2d ./Core/Src/main.o
 .ARM.attributes
                0x000001b2       0x2d ./Core/Src/queue_utils.o
 .ARM.attributes
                0x000001df       0x2d ./Core/Src/soft_timer.o
 .ARM.attributes
                0x0000020c       0x2d ./Core/Src/stm32f1xx_hal_msp.o
 .ARM.attributes
                0x00000239       0x2d ./Core/Src/stm32f1xx_it.o
 .ARM.attributes
                0x00000266       0x2d ./Core/Src/sysmem.o
 .ARM.attributes
                0x00000293       0x2d ./Core/Src/system_stm32f1xx.o
 .ARM.attributes
                0x000002c0       0x2d ./Core/Src/uart.o
 .ARM.attributes
                0x000002ed       0x21 ./Core/Startup/startup_stm32f103c8tx.o
 .ARM.attributes
                0x0000030e       0x2d ./Drivers/STM32F1xx_HAL_Driver/Src/stm32f1xx_hal.o
 .ARM.attributes
                0x0000033b       0x2d ./Drivers/STM32F1xx_HAL_Driver/Src/stm32f1xx_hal_cortex.o
 .ARM.attributes
                0x00000368       0x2d ./Drivers/STM32F1xx_HAL_Driver/Src/stm32f1xx_hal_dma.o
 .ARM.attributes
                0x00000395       0x2d ./Drivers/STM32F1xx_HAL_Driver/Src/stm32f1xx_hal_gpio.o
 .ARM.attributes
                0x000003c2       0x2d ./Drivers/STM32F1xx_HAL_Driver/Src/stm32f1xx_hal_rcc.o
 .ARM.attributes
                0x000003ef       0x2d ./Drivers/STM32F1xx_HAL_Driver/Src/stm32f1xx_hal_tim.o
 .ARM.attributes
                0x0000041c       0x2d ./Drivers/STM32F1xx_HAL_Driver/Src/stm32f1xx_hal_tim_ex.o
 .ARM.attributes
                0x00000449       0x2d ./Drivers/STM32F1xx_HAL_Driver/Src/stm32f1xx_hal_uart.o
 .ARM.attributes
                0x00000476       0x2d C:/ST/STM32CubeIDE_1.17.0/STM32CubeIDE/plugins/com.st.stm32cube.ide.mcu.externaltools.gnu-tools-for-stm32.12.3.rel1.win32_1.1.0.202410251130/tools/bin/../lib/gcc/arm-none-eabi/12.3.1/../../../../arm-none-eabi/lib/thumb/v7-m/nofp\libc_nano.a(libc_a-findfp.o)
 .ARM.attributes
                0x000004a3       0x2d C:/ST/STM32CubeIDE_1.17.0/STM32CubeIDE/plugins/com.st.stm32cube.ide.mcu.externaltools.gnu-tools-for-stm32.12.3.rel1.win32_1.1.0.202410251130/tools/bin/../lib/gcc/arm-none-eabi/12.3.1/../../../../arm-none-eabi/lib/thumb/v7-m/nofp\libc_nano.a(libc_a-snprintf.o)
 .ARM.attributes
                0x000004d0       0x2d C:/ST/STM32CubeIDE_1.17.0/STM32CubeIDE/plugins/com.st.stm32cube.ide.mcu.externaltools.gnu-tools-for-stm32.12.3.rel1.win32_1.1.0.202410251130/tools/bin/../lib/gcc/arm-none-eabi/12.3.1/../../../../arm-none-eabi/lib/thumb/v7-m/nofp\libc_nano.a(libc_a-sprintf.o)
 .ARM.attributes
                0x000004fd       0x2d C:/ST/STM32CubeIDE_1.17.0/STM32CubeIDE/plugins/com.st.stm32cube.ide.mcu.externaltools.gnu-tools-for-stm32.12.3.rel1.win32_1.1.0.202410251130/tools/bin/../lib/gcc/arm-none-eabi/12.3.1/../../../../arm-none-eabi/lib/thumb/v7-m/nofp\libc_nano.a(libc_a-vsnprintf.o)
 .ARM.attributes
                0x0000052a       0x2d C:/ST/STM32CubeIDE_1.17.0/STM32CubeIDE/plugins/com.st.stm32cube.ide.mcu.externaltools.gnu-tools-for-stm32.12.3.rel1.win32_1.1.0.202410251130/tools/bin/../lib/gcc/arm-none-eabi/12.3.1/../../../../arm-none-eabi/lib/thumb/v7-m/nofp\libc_nano.a(libc_a-memset.o)
 .ARM.attributes
                0x00000557       0x2d C:/ST/STM32CubeIDE_1.17.0/STM32CubeIDE/plugins/com.st.stm32cube.ide.mcu.externaltools.gnu-tools-for-stm32.12.3.rel1.win32_1.1.0.202410251130/tools/bin/../lib/gcc/arm-none-eabi/12.3.1/../../../../arm-none-eabi/lib/thumb/v7-m/nofp\libc_nano.a(libc_a-reent.o)
 .ARM.attributes
                0x00000584       0x2d C:/ST/STM32CubeIDE_1.17.0/STM32CubeIDE/plugins/com.st.stm32cube.ide.mcu.externaltools.gnu-tools-for-stm32.12.3.rel1.win32_1.1.0.202410251130/tools/bin/../lib/gcc/arm-none-eabi/12.3.1/../../../../arm-none-eabi/lib/thumb/v7-m/nofp\libc_nano.a(libc_a-impure.o)
 .ARM.attributes
                0x000005b1       0x2d C:/ST/STM32CubeIDE_1.17.0/STM32CubeIDE/plugins/com.st.stm32cube.ide.mcu.externaltools.gnu-tools-for-stm32.12.3.rel1.win32_1.1.0.202410251130/tools/bin/../lib/gcc/arm-none-eabi/12.3.1/../../../../arm-none-eabi/lib/thumb/v7-m/nofp\libc_nano.a(libc_a-errno.o)
 .ARM.attributes
                0x000005de       0x2d C:/ST/STM32CubeIDE_1.17.0/STM32CubeIDE/plugins/com.st.stm32cube.ide.mcu.externaltools.gnu-tools-for-stm32.12.3.rel1.win32_1.1.0.202410251130/tools/bin/../lib/gcc/arm-none-eabi/12.3.1/../../../../arm-none-eabi/lib/thumb/v7-m/nofp\libc_nano.a(libc_a-init.o)
 .ARM.attributes
                0x0000060b       0x2d C:/ST/STM32CubeIDE_1.17.0/STM32CubeIDE/plugins/com.st.stm32cube.ide.mcu.externaltools.gnu-tools-for-stm32.12.3.rel1.win32_1.1.0.202410251130/tools/bin/../lib/gcc/arm-none-eabi/12.3.1/../../../../arm-none-eabi/lib/thumb/v7-m/nofp\libc_nano.a(libc_a-lock.o)
 .ARM.attributes
                0x00000638       0x2d C:/ST/STM32CubeIDE_1.17.0/STM32CubeIDE/plugins/com.st.stm32cube.ide.mcu.externaltools.gnu-tools-for-stm32.12.3.rel1.win32_1.1.0.202410251130/tools/bin/../lib/gcc/arm-none-eabi/12.3.1/../../../../arm-none-eabi/lib/thumb/v7-m/nofp\libc_nano.a(libc_a-memcpy-stub.o)
 .ARM.attributes
                0x00000665       0x2d C:/ST/STM32CubeIDE_1.17.0/STM32CubeIDE/plugins/com.st.stm32cube.ide.mcu.externaltools.gnu-tools-for-stm32.12.3.rel1.win32_1.1.0.202410251130/tools/bin/../lib/gcc/arm-none-eabi/12.3.1/../../../../arm-none-eabi/lib/thumb/v7-m/nofp\libc_nano.a(libc_a-freer.o)
 .ARM.attributes
                0x00000692       0x2d C:/ST/STM32CubeIDE_1.17.0/STM32CubeIDE/plugins/com.st.stm32cube.ide.mcu.externaltools.gnu-tools-for-stm32.12.3.rel1.win32_1.1.0.202410251130/tools/bin/../lib/gcc/arm-none-eabi/12.3.1/../../../../arm-none-eabi/lib/thumb/v7-m/nofp\libc_nano.a(libc_a-mallocr.o)
 .ARM.attributes
                0x000006bf       0x2d C:/ST/STM32CubeIDE_1.17.0/STM32CubeIDE/plugins/com.st.stm32cube.ide.mcu.externaltools.gnu-tools-for-stm32.12.3.rel1.win32_1.1.0.202410251130/tools/bin/../lib/gcc/arm-none-eabi/12.3.1/../../../../arm-none-eabi/lib/thumb/v7-m/nofp\libc_nano.a(libc_a-mlock.o)
 .ARM.attributes
                0x000006ec       0x2d C:/ST/STM32CubeIDE_1.17.0/STM32CubeIDE/plugins/com.st.stm32cube.ide.mcu.externaltools.gnu-tools-for-stm32.12.3.rel1.win32_1.1.0.202410251130/tools/bin/../lib/gcc/arm-none-eabi/12.3.1/../../../../arm-none-eabi/lib/thumb/v7-m/nofp\libc_nano.a(libc_a-nano-svfprintf.o)
 .ARM.attributes
                0x00000719       0x2d C:/ST/STM32CubeIDE_1.17.0/STM32CubeIDE/plugins/com.st.stm32cube.ide.mcu.externaltools.gnu-tools-for-stm32.12.3.rel1.win32_1.1.0.202410251130/tools/bin/../lib/gcc/arm-none-eabi/12.3.1/../../../../arm-none-eabi/lib/thumb/v7-m/nofp\libc_nano.a(libc_a-nano-vfprintf_i.o)
 .ARM.attributes
                0x00000746       0x2d C:/ST/STM32CubeIDE_1.17.0/STM32CubeIDE/plugins/com.st.stm32cube.ide.mcu.externaltools.gnu-tools-for-stm32.12.3.rel1.win32_1.1.0.202410251130/tools/bin/../lib/gcc/arm-none-eabi/12.3.1/../../../../arm-none-eabi/lib/thumb/v7-m/nofp\libc_nano.a(libc_a-memmove.o)
 .ARM.attributes
                0x00000773       0x2d C:/ST/STM32CubeIDE_1.17.0/STM32CubeIDE/plugins/com.st.stm32cube.ide.mcu.externaltools.gnu-tools-for-stm32.12.3.rel1.win32_1.1.0.202410251130/tools/bin/../lib/gcc/arm-none-eabi/12.3.1/../../../../arm-none-eabi/lib/thumb/v7-m/nofp\libc_nano.a(libc_a-sbrkr.o)
 .ARM.attributes
                0x000007a0       0x2d C:/ST/STM32CubeIDE_1.17.0/STM32CubeIDE/plugins/com.st.stm32cube.ide.mcu.externaltools.gnu-tools-for-stm32.12.3.rel1.win32_1.1.0.202410251130/tools/bin/../lib/gcc/arm-none-eabi/12.3.1/../../../../arm-none-eabi/lib/thumb/v7-m/nofp\libc_nano.a(libc_a-memchr-stub.o)
 .ARM.attributes
                0x000007cd       0x2d C:/ST/STM32CubeIDE_1.17.0/STM32CubeIDE/plugins/com.st.stm32cube.ide.mcu.externaltools.gnu-tools-for-stm32.12.3.rel1.win32_1.1.0.202410251130/tools/bin/../lib/gcc/arm-none-eabi/12.3.1/../../../../arm-none-eabi/lib/thumb/v7-m/nofp\libc_nano.a(libc_a-reallocr.o)
 .ARM.attributes
                0x000007fa       0x2d C:/ST/STM32CubeIDE_1.17.0/STM32CubeIDE/plugins/com.st.stm32cube.ide.mcu.externaltools.gnu-tools-for-stm32.12.3.rel1.win32_1.1.0.202410251130/tools/bin/../lib/gcc/arm-none-eabi/12.3.1/../../../../arm-none-eabi/lib/thumb/v7-m/nofp\libc_nano.a(libc_a-msizer.o)
 .ARM.attributes
                0x00000827       0x1d C:/ST/STM32CubeIDE_1.17.0/STM32CubeIDE/plugins/com.st.stm32cube.ide.mcu.externaltools.gnu-tools-for-stm32.12.3.rel1.win32_1.1.0.202410251130/tools/bin/../lib/gcc/arm-none-eabi/12.3.1/thumb/v7-m/nofp/crtn.o
OUTPUT(extension_board.elf elf32-littlearm)
LOAD linker stubs
LOAD C:/ST/STM32CubeIDE_1.17.0/STM32CubeIDE/plugins/com.st.stm32cube.ide.mcu.externaltools.gnu-tools-for-stm32.12.3.rel1.win32_1.1.0.202410251130/tools/bin/../lib/gcc/arm-none-eabi/12.3.1/../../../../arm-none-eabi/lib/thumb/v7-m/nofp\libc.a
LOAD C:/ST/STM32CubeIDE_1.17.0/STM32CubeIDE/plugins/com.st.stm32cube.ide.mcu.externaltools.gnu-tools-for-stm32.12.3.rel1.win32_1.1.0.202410251130/tools/bin/../lib/gcc/arm-none-eabi/12.3.1/../../../../arm-none-eabi/lib/thumb/v7-m/nofp\libm.a
LOAD C:/ST/STM32CubeIDE_1.17.0/STM32CubeIDE/plugins/com.st.stm32cube.ide.mcu.externaltools.gnu-tools-for-stm32.12.3.rel1.win32_1.1.0.202410251130/tools/bin/../lib/gcc/arm-none-eabi/12.3.1/thumb/v7-m/nofp\libgcc.a

.debug_info     0x00000000     0xef22
 .debug_info    0x00000000      0x35a ./Core/Src/button.o
 .debug_info    0x0000035a      0x11b ./Core/Src/crc.o
 .debug_info    0x00000475      0x49e ./Core/Src/fsm_input_processing.o
 .debug_info    0x00000913      0x5fe ./Core/Src/fsm_main_processing.o
 .debug_info    0x00000f11      0xa1c ./Core/Src/fsm_output_processing.o
 .debug_info    0x0000192d      0x152 ./Core/Src/knx.o
 .debug_info    0x00001a7f      0x736 ./Core/Src/logger.o
 .debug_info    0x000021b5     0x10f0 ./Core/Src/main.o
 .debug_info    0x000032a5      0x1ff ./Core/Src/queue_utils.o
 .debug_info    0x000034a4      0x1b4 ./Core/Src/soft_timer.o
 .debug_info    0x00003658      0xe41 ./Core/Src/stm32f1xx_hal_msp.o
 .debug_info    0x00004499      0xa72 ./Core/Src/stm32f1xx_it.o
 .debug_info    0x00004f0b      0x168 ./Core/Src/sysmem.o
 .debug_info    0x00005073      0x222 ./Core/Src/system_stm32f1xx.o
 .debug_info    0x00005295      0x99f ./Core/Src/uart.o
 .debug_info    0x00005c34       0x30 ./Core/Startup/startup_stm32f103c8tx.o
 .debug_info    0x00005c64      0x704 ./Drivers/STM32F1xx_HAL_Driver/Src/stm32f1xx_hal.o
 .debug_info    0x00006368      0xa87 ./Drivers/STM32F1xx_HAL_Driver/Src/stm32f1xx_hal_cortex.o
 .debug_info    0x00006def      0x6d2 ./Drivers/STM32F1xx_HAL_Driver/Src/stm32f1xx_hal_dma.o
 .debug_info    0x000074c1      0x5ab ./Drivers/STM32F1xx_HAL_Driver/Src/stm32f1xx_hal_gpio.o
 .debug_info    0x00007a6c      0x7d5 ./Drivers/STM32F1xx_HAL_Driver/Src/stm32f1xx_hal_rcc.o
 .debug_info    0x00008241     0x2959 ./Drivers/STM32F1xx_HAL_Driver/Src/stm32f1xx_hal_tim.o
 .debug_info    0x0000ab9a     0x149b ./Drivers/STM32F1xx_HAL_Driver/Src/stm32f1xx_hal_tim_ex.o
 .debug_info    0x0000c035     0x2eed ./Drivers/STM32F1xx_HAL_Driver/Src/stm32f1xx_hal_uart.o

.debug_abbrev   0x00000000     0x2bc3
 .debug_abbrev  0x00000000      0x1a0 ./Core/Src/button.o
 .debug_abbrev  0x000001a0       0xbe ./Core/Src/crc.o
 .debug_abbrev  0x0000025e      0x190 ./Core/Src/fsm_input_processing.o
 .debug_abbrev  0x000003ee      0x1ca ./Core/Src/fsm_main_processing.o
 .debug_abbrev  0x000005b8      0x240 ./Core/Src/fsm_output_processing.o
 .debug_abbrev  0x000007f8       0xcd ./Core/Src/knx.o
 .debug_abbrev  0x000008c5      0x20a ./Core/Src/logger.o
 .debug_abbrev  0x00000acf      0x31a ./Core/Src/main.o
 .debug_abbrev  0x00000de9      0x110 ./Core/Src/queue_utils.o
 .debug_abbrev  0x00000ef9       0xfa ./Core/Src/soft_timer.o
 .debug_abbrev  0x00000ff3      0x25d ./Core/Src/stm32f1xx_hal_msp.o
 .debug_abbrev  0x00001250      0x1cf ./Core/Src/stm32f1xx_it.o
 .debug_abbrev  0x0000141f       0xbc ./Core/Src/sysmem.o
 .debug_abbrev  0x000014db      0x13f ./Core/Src/system_stm32f1xx.o
 .debug_abbrev  0x0000161a      0x213 ./Core/Src/uart.o
 .debug_abbrev  0x0000182d       0x24 ./Core/Startup/startup_stm32f103c8tx.o
 .debug_abbrev  0x00001851      0x201 ./Drivers/STM32F1xx_HAL_Driver/Src/stm32f1xx_hal.o
 .debug_abbrev  0x00001a52      0x2f8 ./Drivers/STM32F1xx_HAL_Driver/Src/stm32f1xx_hal_cortex.o
 .debug_abbrev  0x00001d4a      0x20b ./Drivers/STM32F1xx_HAL_Driver/Src/stm32f1xx_hal_dma.o
 .debug_abbrev  0x00001f55      0x1ca ./Drivers/STM32F1xx_HAL_Driver/Src/stm32f1xx_hal_gpio.o
 .debug_abbrev  0x0000211f      0x2b3 ./Drivers/STM32F1xx_HAL_Driver/Src/stm32f1xx_hal_rcc.o
 .debug_abbrev  0x000023d2      0x277 ./Drivers/STM32F1xx_HAL_Driver/Src/stm32f1xx_hal_tim.o
 .debug_abbrev  0x00002649      0x282 ./Drivers/STM32F1xx_HAL_Driver/Src/stm32f1xx_hal_tim_ex.o
 .debug_abbrev  0x000028cb      0x2f8 ./Drivers/STM32F1xx_HAL_Driver/Src/stm32f1xx_hal_uart.o

.debug_aranges  0x00000000      0xe68
 .debug_aranges
                0x00000000       0x50 ./Core/Src/button.o
 .debug_aranges
                0x00000050       0x20 ./Core/Src/crc.o
 .debug_aranges
                0x00000070       0x28 ./Core/Src/fsm_input_processing.o
 .debug_aranges
                0x00000098       0x30 ./Core/Src/fsm_main_processing.o
 .debug_aranges
                0x000000c8       0x50 ./Core/Src/fsm_output_processing.o
 .debug_aranges
                0x00000118       0x28 ./Core/Src/knx.o
 .debug_aranges
                0x00000140       0x30 ./Core/Src/logger.o
 .debug_aranges
                0x00000170       0x68 ./Core/Src/main.o
 .debug_aranges
                0x000001d8       0x30 ./Core/Src/queue_utils.o
 .debug_aranges
                0x00000208       0x40 ./Core/Src/soft_timer.o
 .debug_aranges
                0x00000248       0x40 ./Core/Src/stm32f1xx_hal_msp.o
 .debug_aranges
                0x00000288       0xb0 ./Core/Src/stm32f1xx_it.o
 .debug_aranges
                0x00000338       0x20 ./Core/Src/sysmem.o
 .debug_aranges
                0x00000358       0x28 ./Core/Src/system_stm32f1xx.o
 .debug_aranges
                0x00000380       0x38 ./Core/Src/uart.o
 .debug_aranges
                0x000003b8       0x28 ./Core/Startup/startup_stm32f103c8tx.o
 .debug_aranges
                0x000003e0       0xe0 ./Drivers/STM32F1xx_HAL_Driver/Src/stm32f1xx_hal.o
 .debug_aranges
                0x000004c0      0x100 ./Drivers/STM32F1xx_HAL_Driver/Src/stm32f1xx_hal_cortex.o
 .debug_aranges
                0x000005c0       0x80 ./Drivers/STM32F1xx_HAL_Driver/Src/stm32f1xx_hal_dma.o
 .debug_aranges
                0x00000640       0x58 ./Drivers/STM32F1xx_HAL_Driver/Src/stm32f1xx_hal_gpio.o
 .debug_aranges
                0x00000698       0x90 ./Drivers/STM32F1xx_HAL_Driver/Src/stm32f1xx_hal_rcc.o
 .debug_aranges
                0x00000728      0x3d0 ./Drivers/STM32F1xx_HAL_Driver/Src/stm32f1xx_hal_tim.o
 .debug_aranges
                0x00000af8      0x168 ./Drivers/STM32F1xx_HAL_Driver/Src/stm32f1xx_hal_tim_ex.o
 .debug_aranges
                0x00000c60      0x208 ./Drivers/STM32F1xx_HAL_Driver/Src/stm32f1xx_hal_uart.o

.debug_rnglists
                0x00000000      0xb20
 .debug_rnglists
                0x00000000       0x38 ./Core/Src/button.o
 .debug_rnglists
                0x00000038       0x13 ./Core/Src/crc.o
 .debug_rnglists
                0x0000004b       0x1a ./Core/Src/fsm_input_processing.o
 .debug_rnglists
                0x00000065       0x2d ./Core/Src/fsm_main_processing.o
 .debug_rnglists
                0x00000092       0x3b ./Core/Src/fsm_output_processing.o
 .debug_rnglists
                0x000000cd       0x1a ./Core/Src/knx.o
 .debug_rnglists
                0x000000e7       0x20 ./Core/Src/logger.o
 .debug_rnglists
                0x00000107       0x4d ./Core/Src/main.o
 .debug_rnglists
                0x00000154       0x1f ./Core/Src/queue_utils.o
 .debug_rnglists
                0x00000173       0x2b ./Core/Src/soft_timer.o
 .debug_rnglists
                0x0000019e       0x2d ./Core/Src/stm32f1xx_hal_msp.o
 .debug_rnglists
                0x000001cb       0x7f ./Core/Src/stm32f1xx_it.o
 .debug_rnglists
                0x0000024a       0x13 ./Core/Src/sysmem.o
 .debug_rnglists
                0x0000025d       0x1a ./Core/Src/system_stm32f1xx.o
 .debug_rnglists
                0x00000277       0x28 ./Core/Src/uart.o
 .debug_rnglists
                0x0000029f       0x19 ./Core/Startup/startup_stm32f103c8tx.o
 .debug_rnglists
                0x000002b8       0xa3 ./Drivers/STM32F1xx_HAL_Driver/Src/stm32f1xx_hal.o
 .debug_rnglists
                0x0000035b       0xbb ./Drivers/STM32F1xx_HAL_Driver/Src/stm32f1xx_hal_cortex.o
 .debug_rnglists
                0x00000416       0x64 ./Drivers/STM32F1xx_HAL_Driver/Src/stm32f1xx_hal_dma.o
 .debug_rnglists
                0x0000047a       0x3f ./Drivers/STM32F1xx_HAL_Driver/Src/stm32f1xx_hal_gpio.o
 .debug_rnglists
                0x000004b9       0x6c ./Drivers/STM32F1xx_HAL_Driver/Src/stm32f1xx_hal_rcc.o
 .debug_rnglists
                0x00000525      0x31a ./Drivers/STM32F1xx_HAL_Driver/Src/stm32f1xx_hal_tim.o
 .debug_rnglists
                0x0000083f      0x125 ./Drivers/STM32F1xx_HAL_Driver/Src/stm32f1xx_hal_tim_ex.o
 .debug_rnglists
                0x00000964      0x1bc ./Drivers/STM32F1xx_HAL_Driver/Src/stm32f1xx_hal_uart.o

.debug_macro    0x00000000    0x192da
 .debug_macro   0x00000000      0x1ca ./Core/Src/button.o
 .debug_macro   0x000001ca      0xaa8 ./Core/Src/button.o
 .debug_macro   0x00000c72      0x221 ./Core/Src/button.o
 .debug_macro   0x00000e93       0x2e ./Core/Src/button.o
 .debug_macro   0x00000ec1       0x22 ./Core/Src/button.o
 .debug_macro   0x00000ee3       0x22 ./Core/Src/button.o
 .debug_macro   0x00000f05       0x8e ./Core/Src/button.o
 .debug_macro   0x00000f93       0x51 ./Core/Src/button.o
 .debug_macro   0x00000fe4      0x103 ./Core/Src/button.o
 .debug_macro   0x000010e7       0x6a ./Core/Src/button.o
 .debug_macro   0x00001151      0x1df ./Core/Src/button.o
 .debug_macro   0x00001330       0x1c ./Core/Src/button.o
 .debug_macro   0x0000134c       0x22 ./Core/Src/button.o
 .debug_macro   0x0000136e       0xbd ./Core/Src/button.o
 .debug_macro   0x0000142b      0xd23 ./Core/Src/button.o
 .debug_macro   0x0000214e     0xe09e ./Core/Src/button.o
 .debug_macro   0x000101ec       0x6d ./Core/Src/button.o
 .debug_macro   0x00010259     0x34a2 ./Core/Src/button.o
 .debug_macro   0x000136fb      0x189 ./Core/Src/button.o
 .debug_macro   0x00013884       0x5c ./Core/Src/button.o
 .debug_macro   0x000138e0      0x5bc ./Core/Src/button.o
 .debug_macro   0x00013e9c      0x289 ./Core/Src/button.o
 .debug_macro   0x00014125      0x1cb ./Core/Src/button.o
 .debug_macro   0x000142f0      0x114 ./Core/Src/button.o
 .debug_macro   0x00014404      0x1b2 ./Core/Src/button.o
 .debug_macro   0x000145b6       0x27 ./Core/Src/button.o
 .debug_macro   0x000145dd      0x136 ./Core/Src/button.o
 .debug_macro   0x00014713      0x1bc ./Core/Src/button.o
 .debug_macro   0x000148cf       0x34 ./Core/Src/button.o
 .debug_macro   0x00014903       0x3c ./Core/Src/button.o
 .debug_macro   0x0001493f       0x57 ./Core/Src/button.o
 .debug_macro   0x00014996       0x87 ./Core/Src/button.o
 .debug_macro   0x00014a1d      0x240 ./Core/Src/button.o
 .debug_macro   0x00014c5d      0x140 ./Core/Src/button.o
 .debug_macro   0x00014d9d      0x8ed ./Core/Src/button.o
 .debug_macro   0x0001568a      0x28e ./Core/Src/button.o
 .debug_macro   0x00015918       0x83 ./Core/Src/button.o
 .debug_macro   0x0001599b       0x58 ./Core/Src/button.o
 .debug_macro   0x000159f3       0x2e ./Core/Src/button.o
 .debug_macro   0x00015a21       0x2e ./Core/Src/button.o
 .debug_macro   0x00015a4f       0x6d ./Core/Src/crc.o
 .debug_macro   0x00015abc      0x2f2 ./Core/Src/fsm_input_processing.o
 .debug_macro   0x00015dae       0x61 ./Core/Src/fsm_input_processing.o
 .debug_macro   0x00015e0f       0x24 ./Core/Src/fsm_input_processing.o
 .debug_macro   0x00015e33       0x43 ./Core/Src/fsm_input_processing.o
 .debug_macro   0x00015e76       0x34 ./Core/Src/fsm_input_processing.o
 .debug_macro   0x00015eaa       0x16 ./Core/Src/fsm_input_processing.o
 .debug_macro   0x00015ec0       0x43 ./Core/Src/fsm_input_processing.o
 .debug_macro   0x00015f03       0x34 ./Core/Src/fsm_input_processing.o
 .debug_macro   0x00015f37       0x10 ./Core/Src/fsm_input_processing.o
 .debug_macro   0x00015f47       0x58 ./Core/Src/fsm_input_processing.o
 .debug_macro   0x00015f9f       0x8e ./Core/Src/fsm_input_processing.o
 .debug_macro   0x0001602d       0x1c ./Core/Src/fsm_input_processing.o
 .debug_macro   0x00016049      0x177 ./Core/Src/fsm_input_processing.o
 .debug_macro   0x000161c0      0x369 ./Core/Src/fsm_input_processing.o
 .debug_macro   0x00016529       0x10 ./Core/Src/fsm_input_processing.o
 .debug_macro   0x00016539       0x35 ./Core/Src/fsm_input_processing.o
 .debug_macro   0x0001656e       0x20 ./Core/Src/fsm_input_processing.o
 .debug_macro   0x0001658e       0x22 ./Core/Src/fsm_input_processing.o
 .debug_macro   0x000165b0       0x16 ./Core/Src/fsm_input_processing.o
 .debug_macro   0x000165c6       0x22 ./Core/Src/fsm_input_processing.o
 .debug_macro   0x000165e8       0x5e ./Core/Src/fsm_input_processing.o
 .debug_macro   0x00016646      0x317 ./Core/Src/fsm_main_processing.o
 .debug_macro   0x0001695d       0x10 ./Core/Src/fsm_main_processing.o
 .debug_macro   0x0001696d       0x64 ./Core/Src/fsm_main_processing.o
 .debug_macro   0x000169d1       0x6a ./Core/Src/fsm_main_processing.o
 .debug_macro   0x00016a3b      0x2f8 ./Core/Src/fsm_output_processing.o
 .debug_macro   0x00016d33       0x34 ./Core/Src/fsm_output_processing.o
 .debug_macro   0x00016d67       0x73 ./Core/Src/knx.o
 .debug_macro   0x00016dda      0x2d8 ./Core/Src/logger.o
 .debug_macro   0x000170b2       0x16 ./Core/Src/logger.o
 .debug_macro   0x000170c8       0x10 ./Core/Src/logger.o
 .debug_macro   0x000170d8       0x16 ./Core/Src/logger.o
 .debug_macro   0x000170ee       0x16 ./Core/Src/logger.o
 .debug_macro   0x00017104      0x146 ./Core/Src/logger.o
 .debug_macro   0x0001724a       0x4c ./Core/Src/logger.o
 .debug_macro   0x00017296       0x16 ./Core/Src/logger.o
 .debug_macro   0x000172ac      0x30d ./Core/Src/main.o
 .debug_macro   0x000175b9      0x14f ./Core/Src/queue_utils.o
 .debug_macro   0x00017708      0x1c1 ./Core/Src/soft_timer.o
 .debug_macro   0x000178c9       0x28 ./Core/Src/soft_timer.o
 .debug_macro   0x000178f1      0x1b2 ./Core/Src/stm32f1xx_hal_msp.o
 .debug_macro   0x00017aa3      0x2ac ./Core/Src/stm32f1xx_it.o
 .debug_macro   0x00017d4f       0xff ./Core/Src/sysmem.o
 .debug_macro   0x00017e4e      0x23c ./Core/Src/sysmem.o
 .debug_macro   0x0001808a      0x1a3 ./Core/Src/system_stm32f1xx.o
 .debug_macro   0x0001822d      0x2d6 ./Core/Src/uart.o
 .debug_macro   0x00018503       0x1c ./Core/Src/uart.o
 .debug_macro   0x0001851f      0x1c7 ./Drivers/STM32F1xx_HAL_Driver/Src/stm32f1xx_hal.o
 .debug_macro   0x000186e6      0x1a3 ./Drivers/STM32F1xx_HAL_Driver/Src/stm32f1xx_hal_cortex.o
 .debug_macro   0x00018889      0x1a3 ./Drivers/STM32F1xx_HAL_Driver/Src/stm32f1xx_hal_dma.o
 .debug_macro   0x00018a2c      0x20e ./Drivers/STM32F1xx_HAL_Driver/Src/stm32f1xx_hal_gpio.o
 .debug_macro   0x00018c3a      0x1b5 ./Drivers/STM32F1xx_HAL_Driver/Src/stm32f1xx_hal_rcc.o
 .debug_macro   0x00018def      0x1a4 ./Drivers/STM32F1xx_HAL_Driver/Src/stm32f1xx_hal_tim.o
 .debug_macro   0x00018f93      0x1a3 ./Drivers/STM32F1xx_HAL_Driver/Src/stm32f1xx_hal_tim_ex.o
 .debug_macro   0x00019136      0x1a4 ./Drivers/STM32F1xx_HAL_Driver/Src/stm32f1xx_hal_uart.o

.debug_line     0x00000000    0x130e9
 .debug_line    0x00000000      0x863 ./Core/Src/button.o
 .debug_line    0x00000863      0x433 ./Core/Src/crc.o
 .debug_line    0x00000c96      0x9e9 ./Core/Src/fsm_input_processing.o
 .debug_line    0x0000167f      0xcc6 ./Core/Src/fsm_main_processing.o
 .debug_line    0x00002345      0xadc ./Core/Src/fsm_output_processing.o
 .debug_line    0x00002e21      0x4cf ./Core/Src/knx.o
 .debug_line    0x000032f0      0x932 ./Core/Src/logger.o
 .debug_line    0x00003c22      0xb17 ./Core/Src/main.o
 .debug_line    0x00004739      0x635 ./Core/Src/queue_utils.o
 .debug_line    0x00004d6e      0x79c ./Core/Src/soft_timer.o
 .debug_line    0x0000550a      0x8db ./Core/Src/stm32f1xx_hal_msp.o
 .debug_line    0x00005de5      0xa3b ./Core/Src/stm32f1xx_it.o
 .debug_line    0x00006820      0x579 ./Core/Src/sysmem.o
 .debug_line    0x00006d99      0x77b ./Core/Src/system_stm32f1xx.o
 .debug_line    0x00007514      0x9e3 ./Core/Src/uart.o
 .debug_line    0x00007ef7       0x78 ./Core/Startup/startup_stm32f103c8tx.o
 .debug_line    0x00007f6f      0x9a8 ./Drivers/STM32F1xx_HAL_Driver/Src/stm32f1xx_hal.o
 .debug_line    0x00008917      0xb94 ./Drivers/STM32F1xx_HAL_Driver/Src/stm32f1xx_hal_cortex.o
 .debug_line    0x000094ab      0xe01 ./Drivers/STM32F1xx_HAL_Driver/Src/stm32f1xx_hal_dma.o
 .debug_line    0x0000a2ac      0xa41 ./Drivers/STM32F1xx_HAL_Driver/Src/stm32f1xx_hal_gpio.o
 .debug_line    0x0000aced      0xdb1 ./Drivers/STM32F1xx_HAL_Driver/Src/stm32f1xx_hal_rcc.o
 .debug_line    0x0000ba9e     0x34cd ./Drivers/STM32F1xx_HAL_Driver/Src/stm32f1xx_hal_tim.o
 .debug_line    0x0000ef6b     0x18f7 ./Drivers/STM32F1xx_HAL_Driver/Src/stm32f1xx_hal_tim_ex.o
 .debug_line    0x00010862     0x2887 ./Drivers/STM32F1xx_HAL_Driver/Src/stm32f1xx_hal_uart.o

.debug_str      0x00000000    0x8b668
 .debug_str     0x00000000    0x83705 ./Core/Src/button.o
                              0x83a51 (size before relaxing)
 .debug_str     0x00083705       0x2d ./Core/Src/crc.o
                               0x3d0d (size before relaxing)
 .debug_str     0x00083732     0x36af ./Core/Src/fsm_input_processing.o
                              0x86ff8 (size before relaxing)
 .debug_str     0x00086de1      0x439 ./Core/Src/fsm_main_processing.o
                              0x872fd (size before relaxing)
 .debug_str     0x0008721a      0x4f5 ./Core/Src/fsm_output_processing.o
                              0x8756a (size before relaxing)
 .debug_str     0x0008770f       0x30 ./Core/Src/knx.o
                               0x3d4a (size before relaxing)
 .debug_str     0x0008773f      0x771 ./Core/Src/logger.o
                              0x87652 (size before relaxing)
 .debug_str     0x00087eb0      0x8bb ./Core/Src/main.o
                              0x87f37 (size before relaxing)
 .debug_str     0x0008876b       0x23 ./Core/Src/queue_utils.o
                               0x728a (size before relaxing)
 .debug_str     0x0008878e       0x38 ./Core/Src/soft_timer.o
                              0x838b3 (size before relaxing)
 .debug_str     0x000887c6      0x154 ./Core/Src/stm32f1xx_hal_msp.o
                              0x843ab (size before relaxing)
 .debug_str     0x0008891a      0x22a ./Core/Src/stm32f1xx_it.o
                              0x8739f (size before relaxing)
 .debug_str     0x00088b44      0x4dc ./Core/Src/sysmem.o
                               0x6072 (size before relaxing)
 .debug_str     0x00089020       0x7e ./Core/Src/system_stm32f1xx.o
                              0x83714 (size before relaxing)
 .debug_str     0x0008909e       0x84 ./Core/Src/uart.o
                              0x876a2 (size before relaxing)
 .debug_str     0x00089122       0x44 ./Core/Startup/startup_stm32f103c8tx.o
                                 0x7d (size before relaxing)
 .debug_str     0x00089166      0x382 ./Drivers/STM32F1xx_HAL_Driver/Src/stm32f1xx_hal.o
                              0x83e47 (size before relaxing)
 .debug_str     0x000894e8      0x294 ./Drivers/STM32F1xx_HAL_Driver/Src/stm32f1xx_hal_cortex.o
                              0x83d93 (size before relaxing)
 .debug_str     0x0008977c      0x206 ./Drivers/STM32F1xx_HAL_Driver/Src/stm32f1xx_hal_dma.o
                              0x83abd (size before relaxing)
 .debug_str     0x00089982      0x2bd ./Drivers/STM32F1xx_HAL_Driver/Src/stm32f1xx_hal_gpio.o
                              0x83a9a (size before relaxing)
 .debug_str     0x00089c3f      0x229 ./Drivers/STM32F1xx_HAL_Driver/Src/stm32f1xx_hal_rcc.o
                              0x83b43 (size before relaxing)
 .debug_str     0x00089e68      0xdb3 ./Drivers/STM32F1xx_HAL_Driver/Src/stm32f1xx_hal_tim.o
                              0x84b45 (size before relaxing)
 .debug_str     0x0008ac1b      0x493 ./Drivers/STM32F1xx_HAL_Driver/Src/stm32f1xx_hal_tim_ex.o
                              0x84351 (size before relaxing)
 .debug_str     0x0008b0ae      0x5ba ./Drivers/STM32F1xx_HAL_Driver/Src/stm32f1xx_hal_uart.o
                              0x841b4 (size before relaxing)

.comment        0x00000000       0x43
 .comment       0x00000000       0x43 ./Core/Src/button.o
                                 0x44 (size before relaxing)
 .comment       0x00000043       0x44 ./Core/Src/crc.o
 .comment       0x00000043       0x44 ./Core/Src/fsm_input_processing.o
 .comment       0x00000043       0x44 ./Core/Src/fsm_main_processing.o
 .comment       0x00000043       0x44 ./Core/Src/fsm_output_processing.o
 .comment       0x00000043       0x44 ./Core/Src/knx.o
 .comment       0x00000043       0x44 ./Core/Src/logger.o
 .comment       0x00000043       0x44 ./Core/Src/main.o
 .comment       0x00000043       0x44 ./Core/Src/queue_utils.o
 .comment       0x00000043       0x44 ./Core/Src/soft_timer.o
 .comment       0x00000043       0x44 ./Core/Src/stm32f1xx_hal_msp.o
 .comment       0x00000043       0x44 ./Core/Src/stm32f1xx_it.o
 .comment       0x00000043       0x44 ./Core/Src/sysmem.o
 .comment       0x00000043       0x44 ./Core/Src/system_stm32f1xx.o
 .comment       0x00000043       0x44 ./Core/Src/uart.o
 .comment       0x00000043       0x44 ./Drivers/STM32F1xx_HAL_Driver/Src/stm32f1xx_hal.o
 .comment       0x00000043       0x44 ./Drivers/STM32F1xx_HAL_Driver/Src/stm32f1xx_hal_cortex.o
 .comment       0x00000043       0x44 ./Drivers/STM32F1xx_HAL_Driver/Src/stm32f1xx_hal_dma.o
 .comment       0x00000043       0x44 ./Drivers/STM32F1xx_HAL_Driver/Src/stm32f1xx_hal_gpio.o
 .comment       0x00000043       0x44 ./Drivers/STM32F1xx_HAL_Driver/Src/stm32f1xx_hal_rcc.o
 .comment       0x00000043       0x44 ./Drivers/STM32F1xx_HAL_Driver/Src/stm32f1xx_hal_tim.o
 .comment       0x00000043       0x44 ./Drivers/STM32F1xx_HAL_Driver/Src/stm32f1xx_hal_tim_ex.o
 .comment       0x00000043       0x44 ./Drivers/STM32F1xx_HAL_Driver/Src/stm32f1xx_hal_uart.o

.debug_frame    0x00000000     0x3f2c
 .debug_frame   0x00000000      0x10c ./Core/Src/button.o
 .debug_frame   0x0000010c       0x38 ./Core/Src/crc.o
 .debug_frame   0x00000144       0x54 ./Core/Src/fsm_input_processing.o
 .debug_frame   0x00000198       0x80 ./Core/Src/fsm_main_processing.o
 .debug_frame   0x00000218       0xf8 ./Core/Src/fsm_output_processing.o
 .debug_frame   0x00000310       0x5c ./Core/Src/knx.o
 .debug_frame   0x0000036c       0xa0 ./Core/Src/logger.o
 .debug_frame   0x0000040c      0x14c ./Core/Src/main.o
 .debug_frame   0x00000558       0x80 ./Core/Src/queue_utils.o
 .debug_frame   0x000005d8       0xd8 ./Core/Src/soft_timer.o
 .debug_frame   0x000006b0       0xcc ./Core/Src/stm32f1xx_hal_msp.o
 .debug_frame   0x0000077c      0x21c ./Core/Src/stm32f1xx_it.o
 .debug_frame   0x00000998       0x34 ./Core/Src/sysmem.o
 .debug_frame   0x000009cc       0x58 ./Core/Src/system_stm32f1xx.o
 .debug_frame   0x00000a24       0x98 ./Core/Src/uart.o
 .debug_frame   0x00000abc      0x334 ./Drivers/STM32F1xx_HAL_Driver/Src/stm32f1xx_hal.o
 .debug_frame   0x00000df0      0x428 ./Drivers/STM32F1xx_HAL_Driver/Src/stm32f1xx_hal_cortex.o
 .debug_frame   0x00001218      0x208 ./Drivers/STM32F1xx_HAL_Driver/Src/stm32f1xx_hal_dma.o
 .debug_frame   0x00001420      0x14c ./Drivers/STM32F1xx_HAL_Driver/Src/stm32f1xx_hal_gpio.o
 .debug_frame   0x0000156c      0x218 ./Drivers/STM32F1xx_HAL_Driver/Src/stm32f1xx_hal_rcc.o
 .debug_frame   0x00001784     0x11b8 ./Drivers/STM32F1xx_HAL_Driver/Src/stm32f1xx_hal_tim.o
 .debug_frame   0x0000293c      0x638 ./Drivers/STM32F1xx_HAL_Driver/Src/stm32f1xx_hal_tim_ex.o
 .debug_frame   0x00002f74      0x944 ./Drivers/STM32F1xx_HAL_Driver/Src/stm32f1xx_hal_uart.o
 .debug_frame   0x000038b8      0x144 C:/ST/STM32CubeIDE_1.17.0/STM32CubeIDE/plugins/com.st.stm32cube.ide.mcu.externaltools.gnu-tools-for-stm32.12.3.rel1.win32_1.1.0.202410251130/tools/bin/../lib/gcc/arm-none-eabi/12.3.1/../../../../arm-none-eabi/lib/thumb/v7-m/nofp\libc_nano.a(libc_a-findfp.o)
 .debug_frame   0x000039fc       0x7c C:/ST/STM32CubeIDE_1.17.0/STM32CubeIDE/plugins/com.st.stm32cube.ide.mcu.externaltools.gnu-tools-for-stm32.12.3.rel1.win32_1.1.0.202410251130/tools/bin/../lib/gcc/arm-none-eabi/12.3.1/../../../../arm-none-eabi/lib/thumb/v7-m/nofp\libc_nano.a(libc_a-snprintf.o)
 .debug_frame   0x00003a78       0x6c C:/ST/STM32CubeIDE_1.17.0/STM32CubeIDE/plugins/com.st.stm32cube.ide.mcu.externaltools.gnu-tools-for-stm32.12.3.rel1.win32_1.1.0.202410251130/tools/bin/../lib/gcc/arm-none-eabi/12.3.1/../../../../arm-none-eabi/lib/thumb/v7-m/nofp\libc_nano.a(libc_a-sprintf.o)
 .debug_frame   0x00003ae4       0x4c C:/ST/STM32CubeIDE_1.17.0/STM32CubeIDE/plugins/com.st.stm32cube.ide.mcu.externaltools.gnu-tools-for-stm32.12.3.rel1.win32_1.1.0.202410251130/tools/bin/../lib/gcc/arm-none-eabi/12.3.1/../../../../arm-none-eabi/lib/thumb/v7-m/nofp\libc_nano.a(libc_a-vsnprintf.o)
 .debug_frame   0x00003b30       0x20 C:/ST/STM32CubeIDE_1.17.0/STM32CubeIDE/plugins/com.st.stm32cube.ide.mcu.externaltools.gnu-tools-for-stm32.12.3.rel1.win32_1.1.0.202410251130/tools/bin/../lib/gcc/arm-none-eabi/12.3.1/../../../../arm-none-eabi/lib/thumb/v7-m/nofp\libc_nano.a(libc_a-memset.o)
 .debug_frame   0x00003b50       0x38 C:/ST/STM32CubeIDE_1.17.0/STM32CubeIDE/plugins/com.st.stm32cube.ide.mcu.externaltools.gnu-tools-for-stm32.12.3.rel1.win32_1.1.0.202410251130/tools/bin/../lib/gcc/arm-none-eabi/12.3.1/../../../../arm-none-eabi/lib/thumb/v7-m/nofp\libc_nano.a(libc_a-reent.o)
 .debug_frame   0x00003b88       0x20 C:/ST/STM32CubeIDE_1.17.0/STM32CubeIDE/plugins/com.st.stm32cube.ide.mcu.externaltools.gnu-tools-for-stm32.12.3.rel1.win32_1.1.0.202410251130/tools/bin/../lib/gcc/arm-none-eabi/12.3.1/../../../../arm-none-eabi/lib/thumb/v7-m/nofp\libc_nano.a(libc_a-errno.o)
 .debug_frame   0x00003ba8       0x2c C:/ST/STM32CubeIDE_1.17.0/STM32CubeIDE/plugins/com.st.stm32cube.ide.mcu.externaltools.gnu-tools-for-stm32.12.3.rel1.win32_1.1.0.202410251130/tools/bin/../lib/gcc/arm-none-eabi/12.3.1/../../../../arm-none-eabi/lib/thumb/v7-m/nofp\libc_nano.a(libc_a-init.o)
 .debug_frame   0x00003bd4       0xb0 C:/ST/STM32CubeIDE_1.17.0/STM32CubeIDE/plugins/com.st.stm32cube.ide.mcu.externaltools.gnu-tools-for-stm32.12.3.rel1.win32_1.1.0.202410251130/tools/bin/../lib/gcc/arm-none-eabi/12.3.1/../../../../arm-none-eabi/lib/thumb/v7-m/nofp\libc_nano.a(libc_a-lock.o)
 .debug_frame   0x00003c84       0x28 C:/ST/STM32CubeIDE_1.17.0/STM32CubeIDE/plugins/com.st.stm32cube.ide.mcu.externaltools.gnu-tools-for-stm32.12.3.rel1.win32_1.1.0.202410251130/tools/bin/../lib/gcc/arm-none-eabi/12.3.1/../../../../arm-none-eabi/lib/thumb/v7-m/nofp\libc_nano.a(libc_a-memcpy-stub.o)
 .debug_frame   0x00003cac       0x38 C:/ST/STM32CubeIDE_1.17.0/STM32CubeIDE/plugins/com.st.stm32cube.ide.mcu.externaltools.gnu-tools-for-stm32.12.3.rel1.win32_1.1.0.202410251130/tools/bin/../lib/gcc/arm-none-eabi/12.3.1/../../../../arm-none-eabi/lib/thumb/v7-m/nofp\libc_nano.a(libc_a-freer.o)
 .debug_frame   0x00003ce4       0x50 C:/ST/STM32CubeIDE_1.17.0/STM32CubeIDE/plugins/com.st.stm32cube.ide.mcu.externaltools.gnu-tools-for-stm32.12.3.rel1.win32_1.1.0.202410251130/tools/bin/../lib/gcc/arm-none-eabi/12.3.1/../../../../arm-none-eabi/lib/thumb/v7-m/nofp\libc_nano.a(libc_a-mallocr.o)