../Core/Src/main.c:79:7:HAL_TIM_PeriodElapsedCallback	16	static
../Core/Src/main.c:88:5:main	8	static
../Core/Src/main.c:168:6:SystemClock_Config	72	static
../Core/Src/main.c:207:13:MX_TIM3_Init	32	static
../Core/Src/main.c:252:13:MX_USART1_UART_Init	8	static
../Core/Src/main.c:285:13:MX_USART2_UART_Init	8	static
../Core/Src/main.c:318:13:MX_USART3_UART_Init	8	static
../Core/Src/main.c:349:13:MX_DMA_Init	16	static
../Core/Src/main.c:382:13:MX_GPIO_Init	40	static
../Core/Src/main.c:431:6:Error_Handler	4	static,ignoring_inline_asm
