../Core/Src/main.c:83:7:HAL_TIM_PeriodElapsedCallback	1
../Core/Src/main.c:86:7:HAL_UART_TxCpltCallback	2
../Core/Src/main.c:93:7:HAL_UART_ErrorCallback	2
../Core/Src/main.c:132:5:main	2
../Core/Src/main.c:239:6:SystemClock_Config	3
../Core/Src/main.c:278:13:MX_TIM1_Init	7
../Core/Src/main.c:353:13:MX_TIM2_Init	4
../Core/Src/main.c:398:13:MX_TIM3_Init	4
../Core/Src/main.c:443:13:MX_USART1_UART_Init	2
../Core/Src/main.c:476:13:MX_USART2_UART_Init	2
../Core/Src/main.c:509:13:MX_USART3_UART_Init	2
../Core/Src/main.c:540:13:MX_DMA_Init	1
../Core/Src/main.c:573:13:MX_GPIO_Init	1
../Core/Src/main.c:632:6:Error_Handler	1
