../Core/Src/main.c:79:7:HAL_TIM_PeriodElapsedCallback	16	static
../Core/Src/main.c:88:5:main	8	static
../Core/Src/main.c:166:6:SystemClock_Config	72	static
../Core/Src/main.c:205:13:MX_TIM3_Init	32	static
../Core/Src/main.c:250:13:MX_USART1_UART_Init	8	static
../Core/Src/main.c:283:13:MX_USART2_UART_Init	8	static
../Core/Src/main.c:316:13:MX_USART3_UART_Init	8	static
../Core/Src/main.c:347:13:MX_DMA_Init	16	static
../Core/Src/main.c:380:13:MX_GPIO_Init	40	static
../Core/Src/main.c:429:6:Error_Handler	4	static,ignoring_inline_asm
